
 Start         Length     Name                   Class
 0001:00401000 0005404CH .text                   CODE
 0002:00456000 00000790H .itext                  ICODE
 0003:00457000 00001AF4H .data                   DATA
 0004:00459000 00004CC8H .bss                    BSS
 0005:00000000 00000038H .tls                    TLS


Detailed map of segments

 0001:00000000 00005661 C=CODE     S=.text    G=(none)   M=System   ACBP=A9
 0001:00005664 00000105 C=CODE     S=.text    G=(none)   M=SysInit  ACBP=A9
 0001:0000576C 00000058 C=CODE     S=.text    G=(none)   M=Types    ACBP=A9
 0001:000057C4 00000B2C C=CODE     S=.text    G=(none)   M=Windows  ACBP=A9
 0001:000062F0 000002D8 C=CODE     S=.text    G=(none)   M=SysConst ACBP=A9
 0001:000065C8 000066C1 C=CODE     S=.text    G=(none)   M=SysUtils ACBP=A9
 0001:0000CC8C 000007EE C=CODE     S=.text    G=(none)   M=VarUtils ACBP=A9
 0001:0000D47C 00002990 C=CODE     S=.text    G=(none)   M=Variants ACBP=A9
 0001:0000FE0C 000000F8 C=CODE     S=.text    G=(none)   M=RTLConsts ACBP=A9
 0001:0000FF04 00000887 C=CODE     S=.text    G=(none)   M=TypInfo  ACBP=A9
 0001:0001078C 00009C21 C=CODE     S=.text    G=(none)   M=Classes  ACBP=A9
 0001:0001A3B0 00000191 C=CODE     S=.text    G=(none)   M=Contnrs  ACBP=A9
 0001:0001A544 00001262 C=CODE     S=.text    G=(none)   M=HelpIntfs ACBP=A9
 0001:0001B7A8 00000772 C=CODE     S=.text    G=(none)   M=MultiMon ACBP=A9
 0001:0001BF1C 000000A6 C=CODE     S=.text    G=(none)   M=CommCtrl ACBP=A9
 0001:0001BFC4 00000210 C=CODE     S=.text    G=(none)   M=Consts   ACBP=A9
 0001:0001C1D4 0000005D C=CODE     S=.text    G=(none)   M=IniFiles ACBP=A9
 0001:0001C234 000005C5 C=CODE     S=.text    G=(none)   M=Registry ACBP=A9
 0001:0001C7FC 00007632 C=CODE     S=.text    G=(none)   M=Graphics ACBP=A9
 0001:00023E30 0000016A C=CODE     S=.text    G=(none)   M=SyncObjs ACBP=A9
 0001:00023F9C 00000BB9 C=CODE     S=.text    G=(none)   M=UxTheme  ACBP=A9
 0001:00024B58 00000194 C=CODE     S=.text    G=(none)   M=DwmApi   ACBP=A9
 0001:00024CEC 0000003A C=CODE     S=.text    G=(none)   M=Printers ACBP=A9
 0001:00024D28 00000D76 C=CODE     S=.text    G=(none)   M=GraphUtil ACBP=A9
 0001:00025AA0 00000316 C=CODE     S=.text    G=(none)   M=ExtCtrls ACBP=A9
 0001:00025DB8 00000674 C=CODE     S=.text    G=(none)   M=Dialogs  ACBP=A9
 0001:0002642C 0000003A C=CODE     S=.text    G=(none)   M=Clipbrd  ACBP=A9
 0001:00026468 0000012D C=CODE     S=.text    G=(none)   M=StdActns ACBP=A9
 0001:00026598 0000030E C=CODE     S=.text    G=(none)   M=FlatSB   ACBP=A9
 0001:000268A8 00007AD9 C=CODE     S=.text    G=(none)   M=Menus    ACBP=A9
 0001:0002E384 00013548 C=CODE     S=.text    G=(none)   M=Controls ACBP=A9
 0001:000418CC 00000B76 C=CODE     S=.text    G=(none)   M=Themes   ACBP=A9
 0001:00042444 000016DD C=CODE     S=.text    G=(none)   M=ImgList  ACBP=A9
 0001:00043B24 00001332 C=CODE     S=.text    G=(none)   M=ActnList ACBP=A9
 0001:00044E58 0000F014 C=CODE     S=.text    G=(none)   M=Forms    ACBP=A9
 0001:00053E6C 00000006 C=CODE     S=.text    G=(none)   M=hBfCfgWiz ACBP=A9
 0001:00053E74 000001D8 C=CODE     S=.text    G=(none)   M=BfConfig ACBP=A9
 0002:00000000 00000095 C=ICODE    S=.itext   G=(none)   M=System   ACBP=A9
 0002:00000098 00000011 C=ICODE    S=.itext   G=(none)   M=Windows  ACBP=A9
 0002:000000AC 00000088 C=ICODE    S=.itext   G=(none)   M=SysUtils ACBP=A9
 0002:00000134 0000000F C=ICODE    S=.itext   G=(none)   M=VarUtils ACBP=A9
 0002:00000144 000000AA C=ICODE    S=.itext   G=(none)   M=Variants ACBP=A9
 0002:000001F0 00000008 C=ICODE    S=.itext   G=(none)   M=TypInfo  ACBP=A9
 0002:000001F8 00000092 C=ICODE    S=.itext   G=(none)   M=Classes  ACBP=A9
 0002:0000028C 00000008 C=ICODE    S=.itext   G=(none)   M=HelpIntfs ACBP=A9
 0002:00000294 0000000F C=ICODE    S=.itext   G=(none)   M=MultiMon ACBP=A9
 0002:000002A4 00000008 C=ICODE    S=.itext   G=(none)   M=IniFiles ACBP=A9
 0002:000002AC 00000008 C=ICODE    S=.itext   G=(none)   M=Registry ACBP=A9
 0002:000002B4 000000FB C=ICODE    S=.itext   G=(none)   M=Graphics ACBP=A9
 0002:000003B0 0000001B C=ICODE    S=.itext   G=(none)   M=UxTheme  ACBP=A9
 0002:000003CC 00000008 C=ICODE    S=.itext   G=(none)   M=DwmApi   ACBP=A9
 0002:000003D4 00000008 C=ICODE    S=.itext   G=(none)   M=Printers ACBP=A9
 0002:000003DC 00000098 C=ICODE    S=.itext   G=(none)   M=GraphUtil ACBP=A9
 0002:00000474 00000044 C=ICODE    S=.itext   G=(none)   M=ExtCtrls ACBP=A9
 0002:000004B8 0000003D C=ICODE    S=.itext   G=(none)   M=Dialogs  ACBP=A9
 0002:000004F8 00000058 C=ICODE    S=.itext   G=(none)   M=Clipbrd  ACBP=A9
 0002:00000550 0000000F C=ICODE    S=.itext   G=(none)   M=FlatSB   ACBP=A9
 0002:00000560 00000085 C=ICODE    S=.itext   G=(none)   M=Menus    ACBP=A9
 0002:000005E8 0000008F C=ICODE    S=.itext   G=(none)   M=Controls ACBP=A9
 0002:00000678 00000008 C=ICODE    S=.itext   G=(none)   M=Themes   ACBP=A9
 0002:00000680 0000002A C=ICODE    S=.itext   G=(none)   M=ActnList ACBP=A9
 0002:000006AC 00000070 C=ICODE    S=.itext   G=(none)   M=Forms    ACBP=A9
 0002:0000071C 00000072 C=ICODE    S=.itext   G=(none)   M=BfConfig ACBP=A9
 0003:00000000 00000788 C=DATA     S=.data    G=DGROUP   M=System   ACBP=A9
 0003:00000788 00000020 C=DATA     S=.data    G=DGROUP   M=SysInit  ACBP=A9
 0003:000007A8 0000024C C=DATA     S=.data    G=DGROUP   M=SysUtils ACBP=A9
 0003:000009F4 00000008 C=DATA     S=.data    G=DGROUP   M=VarUtils ACBP=A9
 0003:000009FC 0000008E C=DATA     S=.data    G=DGROUP   M=Variants ACBP=A9
 0003:00000A8C 0000000C C=DATA     S=.data    G=DGROUP   M=TypInfo  ACBP=A9
 0003:00000A98 00000064 C=DATA     S=.data    G=DGROUP   M=Classes  ACBP=A9
 0003:00000AFC 00000008 C=DATA     S=.data    G=DGROUP   M=IniFiles ACBP=A9
 0003:00000B04 00000008 C=DATA     S=.data    G=DGROUP   M=Registry ACBP=A9
 0003:00000B0C 0000030C C=DATA     S=.data    G=DGROUP   M=Graphics ACBP=A9
 0003:00000E18 00000004 C=DATA     S=.data    G=DGROUP   M=Printers ACBP=A9
 0003:00000E1C 00000450 C=DATA     S=.data    G=DGROUP   M=GraphUtil ACBP=A9
 0003:0000126C 00000074 C=DATA     S=.data    G=DGROUP   M=Dialogs  ACBP=A9
 0003:000012E0 0000012C C=DATA     S=.data    G=DGROUP   M=Menus    ACBP=A9
 0003:0000140C 00000140 C=DATA     S=.data    G=DGROUP   M=Controls ACBP=A9
 0003:0000154C 00000068 C=DATA     S=.data    G=DGROUP   M=Themes   ACBP=A9
 0003:000015B4 00000020 C=DATA     S=.data    G=DGROUP   M=ImgList  ACBP=A9
 0003:000015D4 0000013C C=DATA     S=.data    G=DGROUP   M=Forms    ACBP=A9
 0004:00000000 000027F0 C=BSS      S=.bss     G=DGROUP   M=System   ACBP=A9
 0004:000027F0 0000000C C=BSS      S=.bss     G=DGROUP   M=SysInit  ACBP=A9
 0004:000027FC 00000008 C=BSS      S=.bss     G=DGROUP   M=Windows  ACBP=A9
 0004:00002804 00002108 C=BSS      S=.bss     G=DGROUP   M=SysUtils ACBP=A9
 0004:0000490C 0000005C C=BSS      S=.bss     G=DGROUP   M=VarUtils ACBP=A9
 0004:00004968 00000040 C=BSS      S=.bss     G=DGROUP   M=Variants ACBP=A9
 0004:000049A8 00000004 C=BSS      S=.bss     G=DGROUP   M=TypInfo  ACBP=A9
 0004:000049AC 00000040 C=BSS      S=.bss     G=DGROUP   M=Classes  ACBP=A9
 0004:000049EC 00000008 C=BSS      S=.bss     G=DGROUP   M=HelpIntfs ACBP=A9
 0004:000049F4 00000031 C=BSS      S=.bss     G=DGROUP   M=MultiMon ACBP=A9
 0004:00004A28 00000004 C=BSS      S=.bss     G=DGROUP   M=IniFiles ACBP=A9
 0004:00004A2C 00000004 C=BSS      S=.bss     G=DGROUP   M=Registry ACBP=A9
 0004:00004A30 00000060 C=BSS      S=.bss     G=DGROUP   M=Graphics ACBP=A9
 0004:00004A90 000000DC C=BSS      S=.bss     G=DGROUP   M=UxTheme  ACBP=A9
 0004:00004B6C 00000010 C=BSS      S=.bss     G=DGROUP   M=DwmApi   ACBP=A9
 0004:00004B7C 00000004 C=BSS      S=.bss     G=DGROUP   M=Printers ACBP=A9
 0004:00004B80 00000010 C=BSS      S=.bss     G=DGROUP   M=GraphUtil ACBP=A9
 0004:00004B90 00000008 C=BSS      S=.bss     G=DGROUP   M=ExtCtrls ACBP=A9
 0004:00004B98 0000000C C=BSS      S=.bss     G=DGROUP   M=Dialogs  ACBP=A9
 0004:00004BA4 0000000C C=BSS      S=.bss     G=DGROUP   M=Clipbrd  ACBP=A9
 0004:00004BB0 00000034 C=BSS      S=.bss     G=DGROUP   M=FlatSB   ACBP=A9
 0004:00004BE4 00000010 C=BSS      S=.bss     G=DGROUP   M=Menus    ACBP=A9
 0004:00004BF4 00000088 C=BSS      S=.bss     G=DGROUP   M=Controls ACBP=A9
 0004:00004C7C 0000000C C=BSS      S=.bss     G=DGROUP   M=Themes   ACBP=A9
 0004:00004C88 00000008 C=BSS      S=.bss     G=DGROUP   M=ImgList  ACBP=A9
 0004:00004C90 00000004 C=BSS      S=.bss     G=DGROUP   M=ActnList ACBP=A9
 0004:00004C94 00000031 C=BSS      S=.bss     G=DGROUP   M=Forms    ACBP=A9
 0005:00000000 00000008 C=TLS      S=.tls     G=(none)   M=System   ACBP=A9
 0005:00000008 00000008 C=TLS      S=.tls     G=(none)   M=Classes  ACBP=A9
 0005:00000010 00000028 C=TLS      S=.tls     G=(none)   M=GraphUtil ACBP=A9


  Address             Publics by Name

 0004:00004C90       ActnList..9
 0001:00043F4C       ActnList..TActionLink
 0001:00043B24       ActnList..TContainedAction
 0001:00043E44       ActnList..TCustomAction
 0001:00043C48       ActnList..TCustomActionList
 0001:00043D28       ActnList..TShortCutList
 0002:00000680       ActnList.ActnList
 0001:00044E28       ActnList.Finalization
 0001:0004463C       ActnList.TActionLink.IsCaptionLinked
 0001:00044650       ActnList.TActionLink.IsCheckedLinked
 0001:00044664       ActnList.TActionLink.IsEnabledLinked
 0001:00044678       ActnList.TActionLink.IsGroupIndexLinked
 0001:0004468C       ActnList.TActionLink.IsHelpContextLinked
 0001:000446A0       ActnList.TActionLink.IsHelpLinked
 0001:000446B4       ActnList.TActionLink.IsHintLinked
 0001:000446C8       ActnList.TActionLink.IsImageIndexLinked
 0001:000446DC       ActnList.TActionLink.IsShortCutLinked
 0001:000446F0       ActnList.TActionLink.IsVisibleLinked
 0001:00044704       ActnList.TActionLink.SetAutoCheck
 0001:00044708       ActnList.TActionLink.SetCaption
 0001:0004470C       ActnList.TActionLink.SetChecked
 0001:00044710       ActnList.TActionLink.SetEnabled
 0001:00044714       ActnList.TActionLink.SetGroupIndex
 0001:00044718       ActnList.TActionLink.SetHelpContext
 0001:0004471C       ActnList.TActionLink.SetHelpKeyword
 0001:00044720       ActnList.TActionLink.SetHelpType
 0001:00044724       ActnList.TActionLink.SetHint
 0001:00044728       ActnList.TActionLink.SetImageIndex
 0001:0004472C       ActnList.TActionLink.SetShortCut
 0001:00044730       ActnList.TActionLink.SetVisible
 0001:0004401C       ActnList.TContainedAction.Destroy
 0001:00044188       ActnList.TContainedAction.Execute
 0001:00044050       ActnList.TContainedAction.GetIndex
 0001:0004406C       ActnList.TContainedAction.GetParentComponent
 0001:0004407C       ActnList.TContainedAction.HasParent
 0001:00044068       ActnList.TContainedAction.IsCategoryStored
 0001:0004408C       ActnList.TContainedAction.ReadState
 0001:00044134       ActnList.TContainedAction.SetActionList
 0001:00044108       ActnList.TContainedAction.SetCategory
 0001:000440C0       ActnList.TContainedAction.SetIndex
 0001:0004415C       ActnList.TContainedAction.SetParentComponent
 0001:000441E0       ActnList.TContainedAction.Update
 0001:000447D8       ActnList.TCustomAction.AssignTo
 0001:00044734       ActnList.TCustomAction.Create
 0001:00044788       ActnList.TCustomAction.Destroy
 0001:00044CF8       ActnList.TCustomAction.DoHint
 0001:00044D20       ActnList.TCustomAction.Execute
 0001:00044D84       ActnList.TCustomAction.GetSecondaryShortCuts
 0001:00044DAC       ActnList.TCustomAction.HandleShortCut
 0001:00044888       ActnList.TCustomAction.SetCaption
 0001:000448E8       ActnList.TCustomAction.SetChecked
 0001:000449F0       ActnList.TCustomAction.SetEnabled
 0001:00044AD4       ActnList.TCustomAction.SetHelpContext
 0001:00044A6C       ActnList.TCustomAction.SetHelpKeyword
 0001:00044B2C       ActnList.TCustomAction.SetHint
 0001:00044B8C       ActnList.TCustomAction.SetImageIndex
 0001:00044CAC       ActnList.TCustomAction.SetName
 0001:00044BE8       ActnList.TCustomAction.SetShortCut
 0001:00044C4C       ActnList.TCustomAction.SetVisible
 0001:00044410       ActnList.TCustomActionList.AddAction
 0001:0004444C       ActnList.TCustomActionList.Change
 0001:00044238       ActnList.TCustomActionList.Create
 0001:000442A4       ActnList.TCustomActionList.Destroy
 0001:00044558       ActnList.TCustomActionList.ExecuteAction
 0001:0004436C       ActnList.TCustomActionList.GetAction
 0001:00044380       ActnList.TCustomActionList.GetActionCount
 0001:000442F4       ActnList.TCustomActionList.GetChildren
 0001:000443BC       ActnList.TCustomActionList.ImageListChange
 0001:000444B4       ActnList.TCustomActionList.IsShortCut
 0001:000443C8       ActnList.TCustomActionList.Notification
 0001:00044430       ActnList.TCustomActionList.RemoveAction
 0001:0004433C       ActnList.TCustomActionList.SetChildOrder
 0001:00044388       ActnList.TCustomActionList.SetImages
 0001:00044598       ActnList.TCustomActionList.SetState
 0001:00044578       ActnList.TCustomActionList.UpdateAction
 0001:00044DB8       ActnList.TShortCutList.Add
 0001:00044DE4       ActnList.TShortCutList.IndexOfShortCut
 0002:0000071C       BfConfig.BfConfig
 0001:00053E74       BfConfig.Finalization
 0004:000049B8       Classes..95
 0001:00010C88       Classes..EBitsError
 0001:00010B78       Classes..EClassNotFound
 0001:00010D40       Classes..EComponentError
 0001:000109BC       Classes..EFCreateError
 0001:00010A70       Classes..EFilerError
 0001:0001095C       Classes..EFileStreamError
 0001:00010A18       Classes..EFOpenError
 0001:00010DF8       Classes..EInvalidOperation
 0001:00010C30       Classes..EListError
 0001:00010D9C       Classes..EOutOfResources
 0001:00010AC8       Classes..EReadError
 0001:00010BD4       Classes..EResNotFound
 0001:00010900       Classes..EStreamError
 0001:00010CE0       Classes..EStringListError
 0001:00011964       Classes..EThread
 0001:00010B20       Classes..EWriteError
 0001:00011C8C       Classes..TBasicAction
 0001:00011C0C       Classes..TBasicActionLink
 0001:00010F14       Classes..TBits
 0001:00011810       Classes..TClassFinder
 0001:00011AAC       Classes..TComponent
 0001:00011504       Classes..TCustomMemoryStream
 0001:0001186C       Classes..TFiler
 0001:0001147C       Classes..TFileStream
 0001:00011404       Classes..THandleStream
 0001:00012B34       Classes..TIntConst
 0001:00011058       Classes..TInterfacedPersistent
 0001:00010E58       Classes..TList
 0001:00011580       Classes..TMemoryStream
 0001:00010F68       Classes..TPersistent
 0001:00015B3C       Classes..TPropFixup
 0001:00015BB4       Classes..TPropIntfFixup
 0001:000118D0       Classes..TReader
 0001:00011E10       Classes..TRegGroup
 0001:00011E68       Classes..TRegGroups
 0001:000115FC       Classes..TResourceStream
 0001:00011394       Classes..TStream
 0001:00011788       Classes..TStreamAdapter
 0001:0001127C       Classes..TStringList
 0001:00011144       Classes..TStrings
 0001:00010EBC       Classes..TThreadList
 0001:00012AD8       Classes.ActivateClassGroup
 0003:00000A98       Classes.AddDataModule
 0001:00015E14       Classes.AddFinished
 0001:00015E4C       Classes.AddNotFinished
 0001:000169C0       Classes.AddSubComponentsToLoaded
 0001:0001A224       Classes.AllocateHWnd
 0003:00000AA8       Classes.ApplicationHandleException
 0003:00000AB0       Classes.ApplicationShowException
 0001:00012E30       Classes.BeginGlobalLoading
 0003:00000AD0       Classes.BlockCode
 0001:00011DD4       Classes.Bounds
 0001:0001A160       Classes.CalcJmpOffset
 0001:000169FC       Classes.CheckSubComponents
 0001:00018ED0       Classes.CheckSynchronize
 0002:000001F8       Classes.Classes
 0001:0001289C       Classes.ClassNotFound
 0001:00016ADC       Classes.ComponentCreated
 0001:00016B5C       Classes.CreateComponent
 0001:0001A2D8       Classes.DeallocateHWnd
 0001:00018E90       Classes.DoneThreadSynchronization
 0001:00013C88       Classes.DoWrite
 0001:00012EB8       Classes.EndGlobalLoading
 0001:0001243C       Classes.Error
 0001:00015974       Classes.Error
 0003:00000AC0       Classes.FilerSignature
 0001:0001A300       Classes.Finalization
 0001:0001295C       Classes.FindClass
 0001:00016D0C       Classes.FindExistingComponent
 0001:00012D48       Classes.FindGlobalComponent
 0004:000049C4       Classes.FindGlobalComponentProcs
 0001:00012BF0       Classes.FindIdentToInt
 0001:00015D48       Classes.FindNestedComponent
 0001:00017CB0       Classes.FindUniqueName
 0001:0001A0CC       Classes.FreeIntConstList
 0001:0001A200       Classes.FreeObjectInstance
 0001:00012908       Classes.GetClass
 0001:00012890       Classes.GetFieldClassTable
 0004:000049C8       Classes.GlobalFixupList
 0001:00015E94       Classes.GlobalFixupReferences
 0005:0000000C       Classes.GlobalLists
 0005:00000008       Classes.GlobalLoaded
 0004:000049AC       Classes.GlobalNameSpace
 0001:00012A84       Classes.GroupDescendentsWith
 0001:00017480       Classes.HandleException
 0001:00012C6C       Classes.IdentToInt
 0001:00012F14       Classes.InitComponent
 0001:00012FBC       Classes.InitInheritedComponent
 0001:00018E5C       Classes.InitThreadSynchronization
 0004:000049E4       Classes.InstBlockList
 0004:000049E8       Classes.InstFreeList
 0004:000049BC       Classes.IntConstList
 0001:00012DAC       Classes.InternalReadComponentRes
 0001:00012CAC       Classes.IntToIdent
 0001:00011DFC       Classes.InvalidPoint
 0001:00012D88       Classes.IsUniqueGlobalComponentName
 0004:000049B0       Classes.IsUniqueGlobalComponentNameProc
 0001:0001A168       Classes.MakeObjectInstance
 0001:00013624       Classes.Min
 0001:0001A138       Classes.ModuleUnload
 0003:00000AC4       Classes.NilMethod
 0001:00012E88       Classes.NotifyGlobalLoading
 0001:00011D84       Classes.Point
 0001:000121C8       Classes.PointerInModule
 0001:000161B4       Classes.PropertyNotFound
 0001:00017580       Classes.PropPathError
 0001:000161A8       Classes.PropValueError
 0001:00015164       Classes.RaiseException
 0001:00018864       Classes.ReadCustomVariant
 0001:00016190       Classes.ReadError
 0001:00016AFC       Classes.Recover
 0001:00011DAC       Classes.Rect
 0004:000049C0       Classes.RegGroups
 0001:0001297C       Classes.RegisterClass
 0001:00012CF0       Classes.RegisterFindGlobalComponentProc
 0001:00012BC4       Classes.RegisterIntegerConsts
 0003:00000AA0       Classes.RemoveDataModule
 0001:00016060       Classes.RemoveFixupReferences
 0001:0001610C       Classes.RemoveFixups
 0001:000164A4       Classes.RemoveGlobalFixup
 0001:00018EA8       Classes.ResetSyncEvent
 0001:00013DE8       Classes.ReturnAddr
 0001:0001314C       Classes.ReturnAddr
 0001:00016C6C       Classes.SetCompName
 0001:000161E0       Classes.SetElementValue
 0001:000178D8       Classes.SetInterfaceReference
 0001:000177F4       Classes.SetIntIdent
 0001:0001783C       Classes.SetObjectIdent
 0001:00016A74       Classes.SetSubComponentState
 0001:0001787C       Classes.SetVariantReference
 0001:00018384       Classes.SkipBinary
 0001:000183B4       Classes.SkipCollection
 0001:0001835C       Classes.SkipList
 0001:00011D9C       Classes.SmallPoint
 0001:00012A38       Classes.StartClassGroup
 0001:0001A140       Classes.StdWndProc
 0001:00014F8C       Classes.StringListCompareStrings
 0004:000049B4       Classes.SyncEvent
 0003:00000ACC       Classes.SyncList
 0001:00019B38       Classes.TBasicAction.Change
 0001:000199CC       Classes.TBasicAction.Create
 0001:00019A10       Classes.TBasicAction.Destroy
 0001:00019AA4       Classes.TBasicAction.Execute
 0001:00019A74       Classes.TBasicAction.ExecuteTarget
 0001:00019A70       Classes.TBasicAction.HandlesTarget
 0001:00019A78       Classes.TBasicAction.Notification
 0001:00019B4C       Classes.TBasicAction.RegisterChanges
 0001:00019B98       Classes.TBasicAction.SetActionComponent
 0001:00019ADC       Classes.TBasicAction.SetOnExecute
 0001:00019B58       Classes.TBasicAction.UnRegisterChanges
 0001:00019AC0       Classes.TBasicAction.Update
 0001:00019AA0       Classes.TBasicAction.UpdateTarget
 0001:0001991C       Classes.TBasicActionLink.AssignClient
 0001:00019954       Classes.TBasicActionLink.Change
 0001:000198D8       Classes.TBasicActionLink.Create
 0001:00019920       Classes.TBasicActionLink.Destroy
 0001:0001996C       Classes.TBasicActionLink.Execute
 0001:000199B4       Classes.TBasicActionLink.IsOnExecuteLinked
 0001:00019988       Classes.TBasicActionLink.SetAction
 0001:000199B8       Classes.TBasicActionLink.SetOnExecute
 0001:000199C0       Classes.TBasicActionLink.Update
 0001:000135DC       Classes.TBits.Destroy
 0001:0001360C       Classes.TBits.Error
 0001:00013700       Classes.TBits.OpenBit
 0001:000136D4       Classes.TBits.SetBit
 0001:00013630       Classes.TBits.SetSize
 0001:000126AC       Classes.TClassFinder.Create
 0001:000127D8       Classes.TClassFinder.Destroy
 0001:00012808       Classes.TClassFinder.GetClass
 0001:00013A00       Classes.TCollection.Add
 0001:00013A20       Classes.TCollection.Clear
 0001:00019170       Classes.TComponent.BeforeDestruction
 0001:000196A8       Classes.TComponent.ChangeName
 0001:000190A8       Classes.TComponent.Create
 0001:00019438       Classes.TComponent.DefineProperties
 0001:000190F4       Classes.TComponent.Destroy
 0001:00019300       Classes.TComponent.DestroyComponents
 0001:0001935C       Classes.TComponent.Destroying
 0001:000197E4       Classes.TComponent.ExecuteAction
 0001:000195C8       Classes.TComponent.FindComponent
 0001:0001917C       Classes.TComponent.FreeNotification
 0001:000194CC       Classes.TComponent.GetChildOwner
 0001:000194D0       Classes.TComponent.GetChildParent
 0001:000194C4       Classes.TComponent.GetChildren
 0001:000196BC       Classes.TComponent.GetComponent
 0001:000196E8       Classes.TComponent.GetComponentCount
 0001:000194D4       Classes.TComponent.GetNamePath
 0001:000194E8       Classes.TComponent.GetOwner
 0001:000194F0       Classes.TComponent.GetParentComponent
 0001:000194C0       Classes.TComponent.HasParent
 0001:00019210       Classes.TComponent.Insert
 0001:00019264       Classes.TComponent.InsertComponent
 0001:000198D4       Classes.TComponent.IntfGetComponent
 0001:00019510       Classes.TComponent.Loaded
 0001:000193D8       Classes.TComponent.Notification
 0001:0001951C       Classes.TComponent.PaletteCreated
 0001:00019854       Classes.TComponent.QueryInterface
 0001:000191D0       Classes.TComponent.ReadLeft
 0001:00019520       Classes.TComponent.ReadState
 0001:000191E4       Classes.TComponent.ReadTop
 0001:0001923C       Classes.TComponent.Remove
 0001:000192C8       Classes.TComponent.RemoveComponent
 0001:000193BC       Classes.TComponent.RemoveFreeNotification
 0001:00019398       Classes.TComponent.RemoveNotification
 0001:00019834       Classes.TComponent.SafeCallException
 0001:000194EC       Classes.TComponent.SetChildOrder
 0001:000196F8       Classes.TComponent.SetComponentIndex
 0001:0001974C       Classes.TComponent.SetDesigning
 0001:00019618       Classes.TComponent.SetName
 0001:000194F4       Classes.TComponent.SetParentComponent
 0001:0001979C       Classes.TComponent.SetReference
 0001:0001980C       Classes.TComponent.UpdateAction
 0001:00019504       Classes.TComponent.Updated
 0001:0001984C       Classes.TComponent.UpdateRegistry
 0001:000194F8       Classes.TComponent.Updating
 0001:000195B0       Classes.TComponent.ValidateContainer
 0001:000195C4       Classes.TComponent.ValidateInsert
 0001:00019530       Classes.TComponent.ValidateRename
 0001:000191F8       Classes.TComponent.WriteLeft
 0001:00019528       Classes.TComponent.WriteState
 0001:00019204       Classes.TComponent.WriteTop
 0001:00019894       Classes.TComponent._AddRef
 0001:000198B4       Classes.TComponent._Release
 0001:00015720       Classes.TCustomMemoryStream.Read
 0001:00015758       Classes.TCustomMemoryStream.Seek
 0001:00015718       Classes.TCustomMemoryStream.SetPointer
 0001:00015AC8       Classes.TFiler.Create
 0001:00015B10       Classes.TFiler.Destroy
 0001:00015B38       Classes.TFiler.SetRoot
 0001:00015570       Classes.TFileStream.Create
 0001:0001552C       Classes.TFileStream.Create
 0001:000156E4       Classes.TFileStream.Destroy
 0001:00015468       Classes.THandleStream.Create
 0001:000154A4       Classes.THandleStream.Read
 0001:000154C4       Classes.THandleStream.Seek
 0001:00015504       Classes.THandleStream.SetSize
 0001:000154F0       Classes.THandleStream.SetSize
 0001:000154B4       Classes.THandleStream.Write
 0004:000049CC       Classes.ThreadLock
 0001:00012B8C       Classes.TIntConst.Create
 0001:00013948       Classes.TInterfacedPersistent.AfterConstruction
 0001:000139D8       Classes.TInterfacedPersistent.QueryInterface
 0001:00013998       Classes.TInterfacedPersistent._AddRef
 0001:000139B8       Classes.TInterfacedPersistent._Release
 0001:000130A4       Classes.TList.Add
 0001:000130D8       Classes.TList.Clear
 0001:000130F0       Classes.TList.Delete
 0001:00013084       Classes.TList.Destroy
 0001:00013150       Classes.TList.Error
 0001:00013188       Classes.TList.Error
 0001:000131DC       Classes.TList.Expand
 0001:000131F4       Classes.TList.First
 0001:000131FC       Classes.TList.Get
 0001:00013224       Classes.TList.Grow
 0001:00013258       Classes.TList.IndexOf
 0001:00013278       Classes.TList.Insert
 0001:000132E4       Classes.TList.Last
 0001:00013410       Classes.TList.Notify
 0001:000132F0       Classes.TList.Put
 0001:00013340       Classes.TList.Remove
 0001:00013360       Classes.TList.SetCapacity
 0001:0001339C       Classes.TList.SetCount
 0001:000157A8       Classes.TMemoryStream.Clear
 0001:0001577C       Classes.TMemoryStream.Destroy
 0001:000157C0       Classes.TMemoryStream.LoadFromStream
 0001:0001584C       Classes.TMemoryStream.Realloc
 0001:000157F8       Classes.TMemoryStream.SetCapacity
 0001:00015820       Classes.TMemoryStream.SetSize
 0001:000158CC       Classes.TMemoryStream.Write
 0001:000137A4       Classes.TPersistent.Assign
 0001:000137B8       Classes.TPersistent.AssignError
 0001:00013888       Classes.TPersistent.AssignTo
 0001:00013890       Classes.TPersistent.DefineProperties
 0001:00013778       Classes.TPersistent.Destroy
 0001:00013894       Classes.TPersistent.GetNamePath
 0001:00013944       Classes.TPersistent.GetOwner
 0001:00015C14       Classes.TPropFixup.Create
 0001:00015C6C       Classes.TPropFixup.MakeGlobalReference
 0001:00015CB4       Classes.TPropFixup.ResolveReference
 0001:00015CC4       Classes.TPropIntfFixup.ResolveReference
 0001:00016234       Classes.TReader.CheckValue
 0001:00016294       Classes.TReader.DefineBinaryProperty
 0001:00016258       Classes.TReader.DefineProperty
 0001:000161F8       Classes.TReader.Destroy
 0001:00016520       Classes.TReader.DoFixupReferences
 0001:0001637C       Classes.TReader.EndOfList
 0001:00016390       Classes.TReader.Error
 0001:000186B0       Classes.TReader.FindAncestorComponent
 0001:000187A8       Classes.TReader.FindComponentClass
 0001:0001643C       Classes.TReader.FindMethod
 0001:000163B4       Classes.TReader.FindMethodInstance
 0001:00016664       Classes.TReader.FlushBuffer
 0001:00016688       Classes.TReader.FreeFixups
 0001:000166C4       Classes.TReader.GetFieldClass
 0001:0001675C       Classes.TReader.GetPosition
 0001:00016774       Classes.TReader.NextValue
 0001:00016784       Classes.TReader.PropertyError
 0001:00016798       Classes.TReader.Read
 0001:00016820       Classes.TReader.ReadBoolean
 0001:000167E4       Classes.TReader.ReadBuffer
 0001:00016834       Classes.TReader.ReadChar
 0001:000168F0       Classes.TReader.ReadCollection
 0001:00016DB0       Classes.TReader.ReadComponent
 0001:000171F0       Classes.TReader.ReadCurrency
 0001:00016FF0       Classes.TReader.ReadData
 0001:00017060       Classes.TReader.ReadDataInner
 0001:00017240       Classes.TReader.ReadDate
 0001:00017168       Classes.TReader.ReadDouble
 0001:00017130       Classes.TReader.ReadFloat
 0001:00017284       Classes.TReader.ReadIdent
 0001:000173EC       Classes.TReader.ReadInt64
 0001:00017380       Classes.TReader.ReadInteger
 0001:00017430       Classes.TReader.ReadListBegin
 0001:00017438       Classes.TReader.ReadListEnd
 0001:00017440       Classes.TReader.ReadPrefix
 0001:0001759C       Classes.TReader.ReadProperty
 0001:00017998       Classes.TReader.ReadPropValue
 0001:00017D10       Classes.TReader.ReadRootComponent
 0001:00018044       Classes.TReader.ReadSet
 0001:00018100       Classes.TReader.ReadSignature
 0001:000171AC       Classes.TReader.ReadSingle
 0001:00018124       Classes.TReader.ReadStr
 0001:00018160       Classes.TReader.ReadString
 0001:00018300       Classes.TReader.ReadValue
 0001:00018A2C       Classes.TReader.ReadVariant
 0001:00016894       Classes.TReader.ReadWideChar
 0001:0001821C       Classes.TReader.ReadWideString
 0001:00018768       Classes.TReader.ReferenceName
 0001:00018780       Classes.TReader.SetName
 0001:0001881C       Classes.TReader.SkipBytes
 0001:00018608       Classes.TReader.SkipComponent
 0001:000185C0       Classes.TReader.SkipProperty
 0001:00018314       Classes.TReader.SkipSetBody
 0001:00018410       Classes.TReader.SkipValue
 0001:00011EC0       Classes.TRegGroup.AddClass
 0001:00011ECC       Classes.TRegGroup.BestClass
 0001:00011F2C       Classes.TRegGroup.BestGroup
 0001:00011F9C       Classes.TRegGroup.Create
 0001:00011FF8       Classes.TRegGroup.Destroy
 0001:00012038       Classes.TRegGroup.GetClass
 0001:000120A0       Classes.TRegGroup.InGroup
 0001:000120E4       Classes.TRegGroup.RegisterClass
 0001:000121A4       Classes.TRegGroup.Registered
 0001:000121E8       Classes.TRegGroup.UnregisterModuleClasses
 0001:00012294       Classes.TRegGroups.Activate
 0001:000122E0       Classes.TRegGroups.Create
 0001:00012354       Classes.TRegGroups.Destroy
 0001:000123B4       Classes.TRegGroups.FindGroup
 0001:000123F8       Classes.TRegGroups.GetClass
 0001:000124CC       Classes.TRegGroups.GroupWith
 0001:00012598       Classes.TRegGroups.Lock
 0001:000125A4       Classes.TRegGroups.RegisterClass
 0001:000125BC       Classes.TRegGroups.Registered
 0001:00012600       Classes.TRegGroups.StartGroup
 0001:00012650       Classes.TRegGroups.Unlock
 0001:0001265C       Classes.TRegGroups.UnregisterModuleClasses
 0001:0001591C       Classes.TResourceStream.Create
 0001:00015A80       Classes.TResourceStream.Destroy
 0001:00015A14       Classes.TResourceStream.Initialize
 0001:00015AB0       Classes.TResourceStream.Write
 0001:00015314       Classes.TStream.CopyFrom
 0001:00015078       Classes.TStream.GetPosition
 0001:000150AC       Classes.TStream.GetSize
 0001:000152A4       Classes.TStream.ReadBuffer
 0001:00015408       Classes.TStream.ReadComponent
 0001:000151B0       Classes.TStream.Seek
 0001:00015234       Classes.TStream.Seek
 0001:00015098       Classes.TStream.SetPosition
 0001:00015110       Classes.TStream.SetSize
 0001:000150F8       Classes.TStream.SetSize
 0001:000150FC       Classes.TStream.SetSize64
 0001:000152DC       Classes.TStream.WriteBuffer
 0001:0001A0B4       Classes.TStreamAdapter.Clone
 0001:0001A008       Classes.TStreamAdapter.Commit
 0001:00019E00       Classes.TStreamAdapter.CopyTo
 0001:00019BC4       Classes.TStreamAdapter.Create
 0001:00019C10       Classes.TStreamAdapter.Destroy
 0001:0001A020       Classes.TStreamAdapter.LockRegion
 0001:00019C48       Classes.TStreamAdapter.Read
 0001:0001A014       Classes.TStreamAdapter.Revert
 0001:00019D18       Classes.TStreamAdapter.Seek
 0001:00019D9C       Classes.TStreamAdapter.SetSize
 0001:0001A038       Classes.TStreamAdapter.Stat
 0001:0001A02C       Classes.TStreamAdapter.UnlockRegion
 0001:00019CB0       Classes.TStreamAdapter.Write
 0001:000149F8       Classes.TStringList.Add
 0001:00014A08       Classes.TStringList.AddObject
 0001:00014A6C       Classes.TStringList.Changed
 0001:00014A88       Classes.TStringList.Changing
 0001:00014AA4       Classes.TStringList.Clear
 0001:00014FF4       Classes.TStringList.CompareStrings
 0001:00014FBC       Classes.TStringList.CustomSort
 0001:00014AE4       Classes.TStringList.Delete
 0001:0001499C       Classes.TStringList.Destroy
 0001:00014B50       Classes.TStringList.Exchange
 0001:00014BAC       Classes.TStringList.ExchangeItems
 0001:00014BD0       Classes.TStringList.Find
 0001:00014C54       Classes.TStringList.Get
 0001:00014C88       Classes.TStringList.GetCapacity
 0001:00014C8C       Classes.TStringList.GetCount
 0001:00014C90       Classes.TStringList.GetObject
 0001:00014CB8       Classes.TStringList.Grow
 0001:00014CEC       Classes.TStringList.IndexOf
 0001:00014D28       Classes.TStringList.Insert
 0001:00014D8C       Classes.TStringList.InsertItem
 0001:00014D38       Classes.TStringList.InsertObject
 0001:00014E08       Classes.TStringList.Put
 0001:00014E64       Classes.TStringList.PutObject
 0001:00014EA4       Classes.TStringList.QuickSort
 0001:00014F38       Classes.TStringList.SetCapacity
 0001:00014F54       Classes.TStringList.SetSorted
 0001:00014F74       Classes.TStringList.SetUpdateState
 0001:00014FAC       Classes.TStringList.Sort
 0001:00013AB8       Classes.TStrings.Add
 0001:00013ADC       Classes.TStrings.AddObject
 0001:00013B00       Classes.TStrings.AddStrings
 0001:00013BB8       Classes.TStrings.Assign
 0001:00013C70       Classes.TStrings.BeginUpdate
 0001:00014924       Classes.TStrings.CompareStrings
 0001:00013CE0       Classes.TStrings.DefineProperties
 0001:00013A88       Classes.TStrings.Destroy
 0001:00013D2C       Classes.TStrings.EndUpdate
 0001:00013D40       Classes.TStrings.Equals
 0001:00013E24       Classes.TStrings.Error
 0001:00013DEC       Classes.TStrings.Error
 0001:00013E7C       Classes.TStrings.Exchange
 0001:00013F68       Classes.TStrings.GetCapacity
 0001:000148C4       Classes.TStrings.GetLineBreak
 0001:00014968       Classes.TStrings.GetNameValueSeparator
 0001:00013F70       Classes.TStrings.GetObject
 0001:00013F74       Classes.TStrings.GetText
 0001:00013FC8       Classes.TStrings.GetTextStr
 0001:00014100       Classes.TStrings.IndexOf
 0001:0001418C       Classes.TStrings.IndexOfName
 0001:00014260       Classes.TStrings.IndexOfObject
 0001:00014294       Classes.TStrings.InsertObject
 0001:000142C4       Classes.TStrings.LoadFromFile
 0001:00014318       Classes.TStrings.LoadFromStream
 0001:000143C4       Classes.TStrings.Move
 0001:00014474       Classes.TStrings.Put
 0001:000144A4       Classes.TStrings.PutObject
 0001:000144A8       Classes.TStrings.ReadData
 0001:00014558       Classes.TStrings.SaveToFile
 0001:000145B0       Classes.TStrings.SaveToStream
 0001:00014610       Classes.TStrings.SetCapacity
 0001:000148F8       Classes.TStrings.SetLineBreak
 0001:00014980       Classes.TStrings.SetNameValueSeparator
 0001:00014614       Classes.TStrings.SetStringsAdapter
 0001:00014648       Classes.TStrings.SetText
 0001:00014698       Classes.TStrings.SetTextStr
 0001:0001483C       Classes.TStrings.SetUpdateState
 0001:00014840       Classes.TStrings.WriteData
 0001:000134E4       Classes.TThreadList.Add
 0001:00013414       Classes.TThreadList.Create
 0001:00013468       Classes.TThreadList.Destroy
 0001:0001356C       Classes.TThreadList.LockList
 0001:00013580       Classes.TThreadList.Remove
 0001:000135D0       Classes.TThreadList.UnlockList
 0001:00018C4C       Classes.TWriter.Write
 0001:00018CB0       Classes.TWriter.WriteBoolean
 0001:00018C98       Classes.TWriter.WriteBuffer
 0001:00018CC4       Classes.TWriter.WriteInteger
 0001:00018D38       Classes.TWriter.WriteListBegin
 0001:00018D40       Classes.TWriter.WriteListEnd
 0001:00018D48       Classes.TWriter.WriteMinStr
 0001:00018DF4       Classes.TWriter.WriteString
 0001:00018E48       Classes.TWriter.WriteValue
 0001:00012D30       Classes.UnregisterFindGlobalComponentProc
 0001:000129EC       Classes.UnRegisterModuleClasses
 0003:00000AD4       Classes.UtilWindowClass
 0001:00018EB4       Classes.WaitForSyncEvent
 0003:00000AB8       Classes.WakeMainThread
 0004:00004BA8       Clipbrd..2
 0004:00004BA6       Clipbrd.CF_COMPONENT
 0004:00004BA4       Clipbrd.CF_PICTURE
 0002:000004F8       Clipbrd.Clipbrd
 0004:00004BAC       Clipbrd.FClipboard
 0001:0002642C       Clipbrd.Finalization
 0001:0001BF3C       CommCtrl.ImageList_Add
 0001:0001BF6C       CommCtrl.ImageList_BeginDrag
 0001:0001BF1C       CommCtrl.ImageList_Create
 0001:0001BF24       CommCtrl.ImageList_Destroy
 0001:0001BF7C       CommCtrl.ImageList_DragEnter
 0001:0001BF84       CommCtrl.ImageList_DragLeave
 0001:0001BF8C       CommCtrl.ImageList_DragMove
 0001:0001BF94       CommCtrl.ImageList_DragShowNolock
 0001:0001BF54       CommCtrl.ImageList_Draw
 0001:0001BF5C       CommCtrl.ImageList_DrawEx
 0001:0001BF74       CommCtrl.ImageList_EndDrag
 0001:0001BF4C       CommCtrl.ImageList_GetBkColor
 0001:0001BFAC       CommCtrl.ImageList_GetIconSize
 0001:0001BF2C       CommCtrl.ImageList_GetImageCount
 0001:0001BF9C       CommCtrl.ImageList_Read
 0001:0001BF64       CommCtrl.ImageList_Remove
 0001:0001BF44       CommCtrl.ImageList_SetBkColor
 0001:0001BFB4       CommCtrl.ImageList_SetIconSize
 0001:0001BF34       CommCtrl.ImageList_SetImageCount
 0001:0001BFA4       CommCtrl.ImageList_Write
 0001:0001BFBC       CommCtrl._TrackMouseEvent
 0001:0001A3B0       Contnrs..TOrderedList
 0001:0001A418       Contnrs..TStack
 0001:0001A490       Contnrs.TOrderedList.Create
 0001:0001A4D4       Contnrs.TOrderedList.Destroy
 0001:0001A504       Contnrs.TOrderedList.PeekItem
 0001:0001A478       Contnrs.TOrderedList.Pop
 0001:0001A518       Contnrs.TOrderedList.PopItem
 0001:0001A480       Contnrs.TOrderedList.Push
 0001:0001A538       Contnrs.TStack.PushItem
 0004:00004C04       Controls..33
 0001:0002E49C       Controls..TBaseDragControlObject
 0001:0002F7C8       Controls..TControl
 0001:0002E96C       Controls..TControlActionLink
 0001:0002E7E4       Controls..TControlCanvas
 0001:000302D8       Controls..TCustomControl
 0001:0002E884       Controls..TCustomControlAction
 0001:00030720       Controls..TDockTree
 0001:000305D4       Controls..TDockZone
 0001:0002E560       Controls..TDragControlObject
 0001:0002E5EC       Controls..TDragControlObjectEx
 0001:0002E67C       Controls..TDragDockObject
 0001:0002E744       Controls..TDragDockObjectEx
 0001:0002E3F8       Controls..TDragObject
 0001:00030444       Controls..THintWindow
 0001:0002EDA4       Controls..TMargins
 0001:000307C4       Controls..TMouse
 0001:0002EEBC       Controls..TPadding
 0001:00030D14       Controls..TSiteList
 0001:0002EC58       Controls..TSizeConstraints
 0001:0002FEC8       Controls..TWinControl
 0001:0002FC38       Controls..TWinControlActionLink
 0001:00031384       Controls.AbsMin
 0004:00004C38       Controls.ActiveDrag
 0001:00037678       Controls.AlignWork
 0003:00001418       Controls.AnchorAlign
 0003:0000140C       Controls.AnimateWindowProc
 0003:00001518       Controls.AnimationStyle
 0001:000342C0       Controls.BackgroundClipped
 0001:00040A38       Controls.CalcSplitterPos
 0001:00032428       Controls.CancelDrag
 0004:00004C4C       Controls.CanvasList
 0003:000014D0       Controls.CaptureControl
 0001:00032090       Controls.CheckUndock
 0001:0003D8C0       Controls.ClientToWindow
 0004:00004C0A       Controls.ControlAtom
 0004:00004C10       Controls.ControlAtomString
 0002:000005E8       Controls.Controls
 0003:00001410       Controls.CreationControl
 0003:000014D4       Controls.csPerformingShowingChanged
 0003:00001510       Controls.Ctl3DStyles
 0003:00001420       Controls.Cursors
 0001:00030BAC       Controls.CursorToIdent
 0003:00001414       Controls.DefaultDockTreeClass
 0001:00038598       Controls.DestroyChildWindow
 0001:000374EC       Controls.DoAlign
 0001:0003C354       Controls.DoCalcConstraints
 0004:00004C40       Controls.DockSiteList
 0001:00039468       Controls.DoControlMsg
 0001:00031998       Controls.DoDragOver
 0001:0003E540       Controls.DoFindControlZone
 0001:0003EC68       Controls.DoFindZone
 0001:0003E5C4       Controls.DoForEach
 0001:0004020C       Controls.DoGetNextLimit
 0001:00041244       Controls.DoneControls
 0001:000374A4       Controls.DoPosition
 0001:0003F71C       Controls.DoPrune
 0001:0003FC30       Controls.DoSaveZone
 0001:0003FEF4       Controls.DoSetNewBounds
 0001:00038244       Controls.DoWriteDesignSize
 0001:00035634       Controls.DoWriteExplicit
 0001:00035600       Controls.DoWriteIsControl
 0004:00004C24       Controls.DragCapture
 0004:00004C18       Controls.DragControl
 0001:00032104       Controls.DragDone
 0001:00031948       Controls.DragFindTarget
 0001:0003191C       Controls.DragFindWindow
 0004:00004C3C       Controls.DragImageList
 0001:00031D5C       Controls.DragInit
 0001:00031ECC       Controls.DragInitControl
 0004:00004C20       Controls.DragInternalObject
 0001:00031864       Controls.DragMessage
 0004:00004C1C       Controls.DragObject
 0004:00004C48       Controls.DragSave
 0004:00004C30       Controls.DragSaveCursor
 0004:00004C28       Controls.DragStartPos
 0004:00004C34       Controls.DragThreshold
 0001:00031A74       Controls.DragTo
 0001:0003F1A0       Controls.DrawCloseButton
 0001:0003F234       Controls.DrawGrabberLine
 0001:0003F2BC       Controls.DrawThemedGrabber
 0001:00039914       Controls.DrawThemeEdge
 0003:00001500       Controls.EdgeStyles
 0001:00041864       Controls.Finalization
 0001:0003095C       Controls.FindControl
 0001:00032474       Controls.FindDragTarget
 0001:00032440       Controls.FindVCLWindow
 0001:00032538       Controls.FreeDeviceContext
 0001:000325F4       Controls.FreeDeviceContexts
 0001:00030CA8       Controls.GetCaptureControl
 0001:00037314       Controls.GetClientSize
 0001:00038AB4       Controls.GetControlAtPos
 0001:000402EC       Controls.GetDockAlign
 0001:000316B4       Controls.GetDockSiteAtPos
 0001:000319D4       Controls.GetDropCtl
 0001:0003E270       Controls.GetLastChildZone
 0001:00030C10       Controls.GetLongHint
 0001:00030BCC       Controls.GetShortHint
 0001:00030DB4       Controls.GetTopParent
 0001:00040368       Controls.HideZone
 0001:00030BBC       Controls.IdentToCursor
 0003:00001540       Controls.IMM32DLL
 0001:00041230       Controls.Imm32IsIME
 0001:000412CC       Controls.InitControls
 0001:00040ED4       Controls.InitIMM32
 0001:00030818       Controls.InitWndProc
 0003:000014E0       Controls.InnerStyles
 0001:00037374       Controls.InsertBefore
 0001:00031468       Controls.IsBeforeTargetWindow
 0001:000318BC       Controls.IsDelphiHandle
 0001:0003DCA4       Controls.IsOrientationSet
 0001:00031670       Controls.IsSiteChildOfClient
 0001:000309B8       Controls.IsVCLControl
 0004:00004BF8       Controls.IsVCLControlHook
 0001:000324C0       Controls.ListAdd
 0001:000324E8       Controls.ListRemove
 0003:0000152C       Controls.MakeLast
 0001:000366FC       Controls.MinVar
 0003:00001544       Controls.ModeMap
 0004:00004BF4       Controls.Mouse
 0001:00032508       Controls.MoveWindowOrg
 0004:00004C00       Controls.NewStyleControls
 0001:0003DC88       Controls.NextVisibleZone
 0001:00030928       Controls.ObjectFromHWnd
 0003:00001524       Controls.OrientArray
 0003:000014F0       Controls.OuterStyles
 0001:0003E098       Controls.ParentNotLast
 0001:00030C54       Controls.PerformEraseBackground
 0001:00038230       Controls.PointsEqual
 0004:00004C44       Controls.QualifyingSites
 0001:0003EE04       Controls.ReadControlName
 0001:00031808       Controls.RegisterDockSite
 0004:00004C14       Controls.RM_GetObjectInstance
 0001:000309E8       Controls.SendAppMessage
 0001:00030CD0       Controls.SetCaptureControl
 0001:00041158       Controls.SetImeMode
 0001:000360BC       Controls.SetParentColor
 0003:000014D8       Controls.ShowFlags
 0001:000403E8       Controls.ShowZone
 0003:00001538       Controls.SizeCursors
 0001:00031184       Controls.TBaseDragControlObject.Assign
 0001:00031160       Controls.TBaseDragControlObject.Create
 0001:000311B0       Controls.TBaseDragControlObject.EndDrag
 0001:000311D4       Controls.TBaseDragControlObject.Finished
 0001:0003646C       Controls.TControl.ActionChange
 0001:0003681C       Controls.TControl.AdjustSize
 0001:00036650       Controls.TControl.AssignTo
 0001:00034614       Controls.TControl.BeginAutoDrag
 0001:00034630       Controls.TControl.BeginDrag
 0001:00034158       Controls.TControl.BringToFront
 0001:00035078       Controls.TControl.CalcCursorPos
 0001:000351E0       Controls.TControl.CalcDockSizes
 0001:00034F78       Controls.TControl.CanAutoSize
 0001:00034F7C       Controls.TControl.CanResize
 0001:00033B04       Controls.TControl.ChangeScale
 0001:00035BF0       Controls.TControl.CheckNewSize
 0001:000359E4       Controls.TControl.Click
 0001:0003398C       Controls.TControl.ClientToScreen
 0001:000361C4       Controls.TControl.CMBiDiModeChanged
 0001:000360AC       Controls.TControl.CMColorChanged
 0001:000362F4       Controls.TControl.CMDesignHitTest
 0001:0003608C       Controls.TControl.CMEnabledChanged
 0001:0003640C       Controls.TControl.CMFloat
 0001:0003609C       Controls.TControl.CMFontChanged
 0001:00036868       Controls.TControl.CMHintShow
 0001:00036274       Controls.TControl.CMHitTest
 0001:00036A1C       Controls.TControl.CMMouseActivate
 0001:0003627C       Controls.TControl.CMMouseEnter
 0001:000362B8       Controls.TControl.CMMouseLeave
 0001:00036154       Controls.TControl.CMMouseWheel
 0001:00036130       Controls.TControl.CMParentBiDiModeChanged
 0001:000360F4       Controls.TControl.CMParentColorChanged
 0001:00036220       Controls.TControl.CMParentFontChanged
 0001:000361E4       Controls.TControl.CMParentShowHintChanged
 0001:00036250       Controls.TControl.CMSysFontChanged
 0001:00036064       Controls.TControl.CMVisibleChanged
 0001:00035048       Controls.TControl.ConstrainedResize
 0001:00032D64       Controls.TControl.Create
 0001:000362FC       Controls.TControl.CreateFloatingDockSite
 0001:00035A50       Controls.TControl.DblClick
 0001:00034AB8       Controls.TControl.DefaultDockImage
 0001:00035558       Controls.TControl.DefaultHandler
 0001:00035854       Controls.TControl.DefineProperties
 0001:000350A4       Controls.TControl.DesignWndProc
 0001:00032E5C       Controls.TControl.Destroy
 0001:0003656C       Controls.TControl.DoActionChange
 0001:00034FAC       Controls.TControl.DoCanAutoSize
 0001:00035018       Controls.TControl.DoCanResize
 0001:0003365C       Controls.TControl.Dock
 0001:000348B4       Controls.TControl.DockTrackNoTarget
 0001:000350D8       Controls.TControl.DoConstrainedResize
 0001:00034F68       Controls.TControl.DoConstraintsChange
 0001:000369DC       Controls.TControl.DoContextPopup
 0001:0003378C       Controls.TControl.DoDock
 0001:00034C04       Controls.TControl.DoDragMsg
 0001:000348CC       Controls.TControl.DoEndDock
 0001:000347B4       Controls.TControl.DoEndDrag
 0001:00036A40       Controls.TControl.DoMarginChange
 0001:00034918       Controls.TControl.DoMouseActivate
 0001:00035AA8       Controls.TControl.DoMouseDown
 0001:00035E20       Controls.TControl.DoMouseUp
 0001:0003494C       Controls.TControl.DoMouseWheel
 0001:00034A20       Controls.TControl.DoMouseWheelDown
 0001:00034A6C       Controls.TControl.DoMouseWheelUp
 0001:000348F8       Controls.TControl.DoStartDock
 0001:00034794       Controls.TControl.DoStartDrag
 0001:0003471C       Controls.TControl.DragCanceled
 0001:00034768       Controls.TControl.DragDrop
 0001:00034720       Controls.TControl.Dragging
 0001:0003472C       Controls.TControl.DragOver
 0001:00034BE4       Controls.TControl.DrawDragDockImage
 0001:0003683C       Controls.TControl.DrawTextBiDiModeFlagsReadingOnly
 0001:00034BF4       Controls.TControl.EraseDragDockImage
 0001:00033FA4       Controls.TControl.FontChanged
 0001:00032FE4       Controls.TControl.GetAction
 0001:00036590       Controls.TControl.GetActionLinkClass
 0001:00036A54       Controls.TControl.GetAlignWithMargins
 0001:0003381C       Controls.TControl.GetBoundsRect
 0001:000338BC       Controls.TControl.GetClientHeight
 0001:000338FC       Controls.TControl.GetClientOrigin
 0001:00033860       Controls.TControl.GetClientRect
 0001:00033878       Controls.TControl.GetClientWidth
 0001:000345C4       Controls.TControl.GetControlsAlignment
 0001:00034218       Controls.TControl.GetDeviceContext
 0001:00036738       Controls.TControl.GetDockEdge
 0001:00032F24       Controls.TControl.GetDragImages
 0001:00032F28       Controls.TControl.GetEnabled
 0001:000367E8       Controls.TControl.GetFloating
 0001:00036814       Controls.TControl.GetFloatingDockSiteClass
 0001:00034120       Controls.TControl.GetMouseCapture
 0001:00032F30       Controls.TControl.GetPalette
 0001:00032F3C       Controls.TControl.GetParentComponent
 0001:00035BE8       Controls.TControl.GetPopupMenu
 0001:00033EF4       Controls.TControl.GetText
 0001:00033E74       Controls.TControl.GetTextBuf
 0001:00033E64       Controls.TControl.GetTextLen
 0001:00033E80       Controls.TControl.GetUndockHeight
 0001:00033E94       Controls.TControl.GetUndockWidth
 0001:00032F34       Controls.TControl.HasParent
 0001:00036858       Controls.TControl.InitiateAction
 0001:000343D8       Controls.TControl.Invalidate
 0001:0003434C       Controls.TControl.InvalidateControl
 0001:00033110       Controls.TControl.IsAnchorsStored
 0001:00034018       Controls.TControl.IsBiDiModeStored
 0001:000340B4       Controls.TControl.IsColorStored
 0001:00036598       Controls.TControl.IsEnabledStored
 0001:00033FF8       Controls.TControl.IsFontStored
 0001:000365D8       Controls.TControl.IsHelpContextStored
 0001:000365B8       Controls.TControl.IsHintStored
 0001:0003400C       Controls.TControl.IsShowHintStored
 0001:000365F8       Controls.TControl.IsVisibleStored
 0001:00036618       Controls.TControl.Loaded
 0001:00034CF4       Controls.TControl.ManualDock
 0001:00034ED4       Controls.TControl.ManualFloat
 0001:000343EC       Controls.TControl.MouseActivate
 0001:00035A70       Controls.TControl.MouseDown
 0001:00035D3C       Controls.TControl.MouseMove
 0001:00035DE8       Controls.TControl.MouseUp
 0001:00034434       Controls.TControl.MouseWheelHandler
 0001:00033228       Controls.TControl.Notification
 0001:00032F68       Controls.TControl.PaletteChanged
 0001:000351AC       Controls.TControl.Perform
 0001:000347E0       Controls.TControl.PositionDockRect
 0001:00036B30       Controls.TControl.ReadExplicitHeight
 0001:00036B48       Controls.TControl.ReadExplicitLeft
 0001:00036B18       Controls.TControl.ReadExplicitTop
 0001:00036AF0       Controls.TControl.ReadExplicitWidth
 0001:000355E0       Controls.TControl.ReadIsControl
 0001:00033194       Controls.TControl.ReadState
 0001:000344C8       Controls.TControl.Repaint
 0001:00033164       Controls.TControl.RequestAlign
 0001:00033174       Controls.TControl.Resize
 0001:000339B8       Controls.TControl.ScaleConstraints
 0001:00033A3C       Controls.TControl.ScreenToClient
 0001:00033A68       Controls.TControl.SendCancelMode
 0001:00033A98       Controls.TControl.SendDockNotification
 0001:00033094       Controls.TControl.SetAction
 0001:00033280       Controls.TControl.SetAlign
 0001:00036A5C       Controls.TControl.SetAlignWithMargins
 0001:00032FF4       Controls.TControl.SetAnchors
 0001:00033CC0       Controls.TControl.SetAutoSize
 0001:00033F88       Controls.TControl.SetBiDiMode
 0001:00033368       Controls.TControl.SetBounds
 0001:0003383C       Controls.TControl.SetBoundsRect
 0001:000338D4       Controls.TControl.SetClientHeight
 0001:00033D80       Controls.TControl.SetClientSize
 0001:00033890       Controls.TControl.SetClientWidth
 0001:00034068       Controls.TControl.SetColor
 0001:00036A10       Controls.TControl.SetConstraints
 0001:00034104       Controls.TControl.SetCursor
 0001:00033128       Controls.TControl.SetDesignVisible
 0001:00033160       Controls.TControl.SetDragMode
 0001:00033E4C       Controls.TControl.SetEnabled
 0001:00033FE8       Controls.TControl.SetFont
 0001:00033628       Controls.TControl.SetHeight
 0001:000337E4       Controls.TControl.SetHelpContext
 0001:000337F8       Controls.TControl.SetHelpKeyword
 0001:0003358C       Controls.TControl.SetLeft
 0001:00036A48       Controls.TControl.SetMargins
 0001:00034130       Controls.TControl.SetMouseCapture
 0001:00033CDC       Controls.TControl.SetName
 0001:00033DC8       Controls.TControl.SetParent
 0001:000340E0       Controls.TControl.SetParentBiDiMode
 0001:000340BC       Controls.TControl.SetParentColor
 0001:00032F40       Controls.TControl.SetParentComponent
 0001:00034020       Controls.TControl.SetParentFont
 0001:00033EA8       Controls.TControl.SetPopupMenu
 0001:00034044       Controls.TControl.SetShowHint
 0001:00033F24       Controls.TControl.SetText
 0001:00033ED0       Controls.TControl.SetTextBuf
 0001:000335C0       Controls.TControl.SetTop
 0001:00033E14       Controls.TControl.SetVisible
 0001:000335F4       Controls.TControl.SetWidth
 0001:000341F4       Controls.TControl.SetZOrder
 0001:0003416C       Controls.TControl.SetZOrderPosition
 0001:000344B4       Controls.TControl.Update
 0001:00033408       Controls.TControl.UpdateAnchorRules
 0001:00035254       Controls.TControl.UpdateBoundsRect
 0001:00036A8C       Controls.TControl.UpdateExplicitBounds
 0001:000345E0       Controls.TControl.UseRightToLeftAlignment
 0001:000345C8       Controls.TControl.UseRightToLeftReading
 0001:000345F8       Controls.TControl.UseRightToLeftScrollBar
 0001:00035284       Controls.TControl.VisibleChanging
 0001:00035F74       Controls.TControl.WMCancelMode
 0001:00036898       Controls.TControl.WMContextMenu
 0001:00035B94       Controls.TControl.WMLButtonDblClk
 0001:00035B2C       Controls.TControl.WMLButtonDown
 0001:00035E58       Controls.TControl.WMLButtonUp
 0001:00035D10       Controls.TControl.WMMButtonDblClk
 0001:00035CE4       Controls.TControl.WMMButtonDown
 0001:00035EFC       Controls.TControl.WMMButtonUp
 0001:00035D70       Controls.TControl.WMMouseMove
 0001:00035F1C       Controls.TControl.WMMouseWheel
 0001:00035B78       Controls.TControl.WMNCLButtonDown
 0001:00035CB8       Controls.TControl.WMRButtonDblClk
 0001:00035C8C       Controls.TControl.WMRButtonDown
 0001:00035EDC       Controls.TControl.WMRButtonUp
 0001:00035FB4       Controls.TControl.WMWindowPosChanged
 0001:00035288       Controls.TControl.WndProc
 0001:00036AD0       Controls.TControl.WriteExplicitHeight
 0001:00036AE0       Controls.TControl.WriteExplicitLeft
 0001:00036AC0       Controls.TControl.WriteExplicitTop
 0001:00036B08       Controls.TControl.WriteExplicitWidth
 0001:000355F4       Controls.TControl.WriteIsControl
 0001:00032910       Controls.TControlActionLink.AssignClient
 0001:0003292C       Controls.TControlActionLink.DoShowHint
 0001:00032A1C       Controls.TControlActionLink.IsCaptionLinked
 0001:00032A90       Controls.TControlActionLink.IsDropdownMenuLinked
 0001:00032AA4       Controls.TControlActionLink.IsEnabledLinked
 0001:00032AD8       Controls.TControlActionLink.IsEnableDropdownLinked
 0001:00032C78       Controls.TControlActionLink.IsHelpLinked
 0001:00032AEC       Controls.TControlActionLink.IsHintLinked
 0001:00032B98       Controls.TControlActionLink.IsOnExecuteLinked
 0001:00032B24       Controls.TControlActionLink.IsPopupMenuLinked
 0001:00032B64       Controls.TControlActionLink.IsVisibleLinked
 0001:00032BC0       Controls.TControlActionLink.SetCaption
 0001:00032BE0       Controls.TControlActionLink.SetDropdownMenu
 0001:00032BE4       Controls.TControlActionLink.SetEnabled
 0001:00032C04       Controls.TControlActionLink.SetEnableDropdown
 0001:00032D00       Controls.TControlActionLink.SetHelpContext
 0001:00032CE0       Controls.TControlActionLink.SetHelpKeyword
 0001:00032D20       Controls.TControlActionLink.SetHelpType
 0001:00032C08       Controls.TControlActionLink.SetHint
 0001:00032C4C       Controls.TControlActionLink.SetOnExecute
 0001:00032D40       Controls.TControlActionLink.SetPopupMenu
 0001:00032C2C       Controls.TControlActionLink.SetVisible
 0001:000326CC       Controls.TControlCanvas.CreateHandle
 0001:000326A0       Controls.TControlCanvas.Destroy
 0001:00032774       Controls.TControlCanvas.FreeHandle
 0001:000327A8       Controls.TControlCanvas.SetControl
 0001:000327C0       Controls.TControlCanvas.UpdateTextFlags
 0001:0003DB2C       Controls.TCustomControl.Create
 0001:0003DB88       Controls.TCustomControl.Destroy
 0001:0003DC84       Controls.TCustomControl.Paint
 0001:0003DBD8       Controls.TCustomControl.PaintWindow
 0001:0003DBB8       Controls.TCustomControl.WMPaint
 0001:00040840       Controls.TDockTree.ActualSize
 0001:0003E510       Controls.TDockTree.AdjustDockRect
 0001:000408D4       Controls.TDockTree.AdjustFrameRect
 0001:0003E528       Controls.TDockTree.BeginUpdate
 0001:00040520       Controls.TDockTree.ControlVisibilityChanged
 0001:0003E354       Controls.TDockTree.Create
 0001:0003E4BC       Controls.TDockTree.Destroy
 0001:00040120       Controls.TDockTree.DrawSizeSplitter
 0001:0003E52C       Controls.TDockTree.EndUpdate
 0001:0003EBDC       Controls.TDockTree.FindControlAtPos
 0001:0003E598       Controls.TDockTree.FindControlZone
 0001:0003E600       Controls.TDockTree.ForEachAt
 0001:0003E618       Controls.TDockTree.GetControlBounds
 0001:0004029C       Controls.TDockTree.GetNextLimit
 0001:0003E68C       Controls.TDockTree.HitTest
 0001:0003E69C       Controls.TDockTree.InsertControl
 0001:0003E8B8       Controls.TDockTree.InsertNewParent
 0001:0003EA60       Controls.TDockTree.InsertSibling
 0001:0003ED7C       Controls.TDockTree.InternalHitTest
 0001:0003EE4C       Controls.TDockTree.LoadFromStream
 0001:00040914       Controls.TDockTree.MouseDown
 0001:00040AC8       Controls.TDockTree.MouseMove
 0001:00040B18       Controls.TDockTree.MouseUp
 0001:0003F318       Controls.TDockTree.PaintDockFrame
 0001:0003F46C       Controls.TDockTree.PaintSite
 0001:0003F5A0       Controls.TDockTree.PositionDockRect
 0001:0003F750       Controls.TDockTree.PruneZone
 0001:000408A8       Controls.TDockTree.ReferenceFromOrient
 0001:00040870       Controls.TDockTree.RelativeSize
 0001:0003F7AC       Controls.TDockTree.RemoveControl
 0001:0003F7EC       Controls.TDockTree.RemoveZone
 0001:0003FA8C       Controls.TDockTree.ResetBounds
 0001:0003FD40       Controls.TDockTree.SaveToStream
 0001:0003FB74       Controls.TDockTree.ScaleZone
 0001:0003FF7C       Controls.TDockTree.SetNewBounds
 0001:0003FFAC       Controls.TDockTree.SetReplacingControl
 0001:0003FFC4       Controls.TDockTree.ShiftZone
 0001:00040B8C       Controls.TDockTree.ShowHint
 0001:0003FFF8       Controls.TDockTree.SplitterMouseDown
 0001:00040058       Controls.TDockTree.SplitterMouseUp
 0001:000400D4       Controls.TDockTree.UpdateAll
 0001:000400FC       Controls.TDockTree.UpdateZone
 0001:0004010C       Controls.TDockTree.WindowProc
 0001:000405A8       Controls.TDockTree.WndProc
 0001:0003EAD8       Controls.TDockTree.ZoneCaptionHitTest
 0001:0003DCC8       Controls.TDockZone.Create
 0001:0003E280       Controls.TDockZone.ExpandZoneLimit
 0001:0003E348       Controls.TDockZone.FirstVisibleChild
 0001:0003DCEC       Controls.TDockZone.GetChildCount
 0001:0003DFD0       Controls.TDockZone.GetControlName
 0001:0003DE70       Controls.TDockZone.GetHeightWidth
 0001:0003DD5C       Controls.TDockZone.GetLimitBegin
 0001:0003DDA4       Controls.TDockZone.GetLimitSize
 0001:0003DDEC       Controls.TDockZone.GetTopLeft
 0001:0003DD24       Controls.TDockZone.GetVisible
 0001:0003DD00       Controls.TDockZone.GetVisibleChildCount
 0001:0003E244       Controls.TDockZone.GetZoneLimit
 0001:0003E320       Controls.TDockZone.NextVisible
 0001:0003E32C       Controls.TDockZone.PrevVisible
 0001:0003DF28       Controls.TDockZone.ResetChildren
 0001:0003E2C0       Controls.TDockZone.ResetZoneLimits
 0001:0003E014       Controls.TDockZone.SetControlName
 0001:0003E26C       Controls.TDockZone.SetZoneLimit
 0001:0003E0C8       Controls.TDockZone.Update
 0001:00031208       Controls.TDragControlObject.GetDragCursor
 0001:00031220       Controls.TDragControlObject.GetDragImages
 0001:0003122C       Controls.TDragControlObject.HideDragImage
 0001:0003124C       Controls.TDragControlObject.ShowDragImage
 0001:0003126C       Controls.TDragControlObjectEx.BeforeDestruction
 0001:000313A8       Controls.TDragDockObject.AdjustDockRect
 0001:00031308       Controls.TDragDockObject.Assign
 0001:00031270       Controls.TDragDockObject.Create
 0001:000312D8       Controls.TDragDockObject.Destroy
 0001:00031424       Controls.TDragDockObject.DrawDragDockImage
 0001:00031368       Controls.TDragDockObject.EndDrag
 0001:00031438       Controls.TDragDockObject.EraseDragDockImage
 0001:0003144C       Controls.TDragDockObject.GetDragCursor
 0001:00031458       Controls.TDragDockObject.GetEraseWhenMoving
 0001:0003145C       Controls.TDragDockObject.GetFrameWidth
 0001:00031464       Controls.TDragDockObjectEx.BeforeDestruction
 0001:0003D96C       Controls.TDragImageList.BeginDrag
 0001:0003D9E0       Controls.TDragImageList.DragLock
 0001:0003DA68       Controls.TDragImageList.DragMove
 0001:0003DA44       Controls.TDragImageList.DragUnlock
 0001:0003DADC       Controls.TDragImageList.EndDrag
 0001:0003DAC4       Controls.TDragImageList.HideDragImage
 0001:0003D948       Controls.TDragImageList.SetDragCursor
 0001:0003D900       Controls.TDragImageList.SetDragImage
 0001:0003DAAC       Controls.TDragImageList.ShowDragImage
 0001:00031150       Controls.TDragObject.AfterConstruction
 0001:00030EFC       Controls.TDragObject.Assign
 0001:00031140       Controls.TDragObject.BeforeDestruction
 0001:00030F3C       Controls.TDragObject.Capture
 0001:00030F54       Controls.TDragObject.Finished
 0001:000310CC       Controls.TDragObject.GetDragCursor
 0001:000310C8       Controls.TDragObject.GetDragImages
 0001:00030F5C       Controls.TDragObject.GetName
 0001:000310E4       Controls.TDragObject.HideDragImage
 0001:000310E8       Controls.TDragObject.Instance
 0001:000310F4       Controls.TDragObject.MainWndProc
 0001:00030F84       Controls.TDragObject.ReleaseCapture
 0001:000310F0       Controls.TDragObject.ShowDragImage
 0001:00030F98       Controls.TDragObject.WndProc
 0001:0003D52C       Controls.THintWindow.ActivateHint
 0001:0003D7A8       Controls.THintWindow.ActivateHintData
 0001:0003D7D0       Controls.THintWindow.CalcHintRect
 0001:0003D494       Controls.THintWindow.CMTextChanged
 0001:0003D240       Controls.THintWindow.Create
 0001:0003D2AC       Controls.THintWindow.CreateParams
 0001:0003D424       Controls.THintWindow.IsHintMsg
 0001:0003D82C       Controls.THintWindow.NCPaint
 0001:0003D37C       Controls.THintWindow.Paint
 0001:0003D488       Controls.THintWindow.ReleaseHandle
 0001:0003D8BC       Controls.THintWindow.ShouldHideHint
 0001:0003D310       Controls.THintWindow.WMNCHitTest
 0001:0003D318       Controls.THintWindow.WMNCPaint
 0001:0003D898       Controls.THintWindow.WMPrint
 0001:000414DC       Controls.TMargins.AssignTo
 0001:00041524       Controls.TMargins.Change
 0001:00041498       Controls.TMargins.Create
 0001:0004169C       Controls.TMargins.GetControlBound
 0001:00041538       Controls.TMargins.InitDefaults
 0001:000415B0       Controls.TMargins.SetControlBounds
 0001:00041558       Controls.TMargins.SetMargin
 0001:00040C80       Controls.TMouse.Create
 0001:00040D10       Controls.TMouse.CreatePanningWindow
 0001:00040D3C       Controls.TMouse.Destroy
 0001:00040D6C       Controls.TMouse.GetCapture
 0001:00040D74       Controls.TMouse.GetCursorPos
 0001:00040D84       Controls.TMouse.GetIsDragging
 0001:00040D90       Controls.TMouse.GetIsPanning
 0001:00040DB4       Controls.TMouse.GetMouseData
 0001:00040DD0       Controls.TMouse.GetNativeData
 0001:00040E00       Controls.TMouse.GetRegisteredData
 0001:00040E28       Controls.TMouse.SetCapture
 0001:00040E50       Controls.TMouse.SetPanningWindow
 0001:00040E70       Controls.TMouse.SettingChanged
 0001:00041860       Controls.TPadding.InitDefaults
 0001:0003AD90       Controls.TraverseControls
 0003:00001534       Controls.TreeStreamEndFlag
 0001:00030DE0       Controls.TSiteList.AddSite
 0001:00030E64       Controls.TSiteList.Clear
 0001:00030D7C       Controls.TSiteList.Find
 0001:00030E98       Controls.TSiteList.GetTopSite
 0001:00032828       Controls.TSizeConstraints.AssignTo
 0001:000328FC       Controls.TSizeConstraints.Change
 0001:000327EC       Controls.TSizeConstraints.Create
 0001:00032870       Controls.TSizeConstraints.SetConstraints
 0001:0003C8E0       Controls.TWinControl.ActionChange
 0001:00037E00       Controls.TWinControl.AddBiDiModeExStyle
 0001:00036F04       Controls.TWinControl.AdjustClientRect
 0001:0003BEEC       Controls.TWinControl.AdjustSize
 0001:000377D0       Controls.TWinControl.AlignControl
 0001:000376CC       Controls.TWinControl.AlignControls
 0001:00036F34       Controls.TWinControl.ArrangeControl
 0001:0003C928       Controls.TWinControl.AssignTo
 0001:00037D68       Controls.TWinControl.Broadcast
 0001:0003C418       Controls.TWinControl.CalcConstraints
 0001:0003C958       Controls.TWinControl.CanAutoSize
 0001:0003BCA8       Controls.TWinControl.CanFocus
 0001:0003C34C       Controls.TWinControl.CanResize
 0001:0003B86C       Controls.TWinControl.ChangeScale
 0001:0003B0B8       Controls.TWinControl.CMBiDiModeChanged
 0001:0003B314       Controls.TWinControl.CMBorderChanged
 0001:0003B190       Controls.TWinControl.CMChanged
 0001:0003B1A4       Controls.TWinControl.CMChildKey
 0001:0003B270       Controls.TWinControl.CMColorChanged
 0001:0003B454       Controls.TWinControl.CMControlListChange
 0001:0003B468       Controls.TWinControl.CMControlListChanging
 0001:0003B354       Controls.TWinControl.CMCtl3DChanged
 0001:0003B2D4       Controls.TWinControl.CMCursorChanged
 0001:0003B170       Controls.TWinControl.CMDesignHitTest
 0001:0003B1C0       Controls.TWinControl.CMDialogChar
 0001:0003B1B8       Controls.TWinControl.CMDialogKey
 0001:0003A94C       Controls.TWinControl.CMDockClient
 0001:0003B3F4       Controls.TWinControl.CMDrag
 0001:0003B228       Controls.TWinControl.CMEnabledChanged
 0001:0003B0F0       Controls.TWinControl.CMEnter
 0001:0003B160       Controls.TWinControl.CMExit
 0001:0003AA64       Controls.TWinControl.CMFloat
 0001:0003B1C8       Controls.TWinControl.CMFocusChanged
 0001:0003B3E4       Controls.TWinControl.CMFontChange
 0001:0003B298       Controls.TWinControl.CMFontChanged
 0001:0003BBA4       Controls.TWinControl.CMInvalidate
 0001:0003B394       Controls.TWinControl.CMParentCtl3DChanged
 0001:00038668       Controls.TWinControl.CMRecreateWnd
 0001:0003B0A0       Controls.TWinControl.CMShowHintChanged
 0001:0003B200       Controls.TWinControl.CMShowingChanged
 0001:0003B3D4       Controls.TWinControl.CMSysColorChange
 0001:0003B47C       Controls.TWinControl.CMSysFontChanged
 0001:0003D038       Controls.TWinControl.CMTextChanged
 0001:0003B3EC       Controls.TWinControl.CMTimeChange
 0001:0003AA3C       Controls.TWinControl.CMUnDockClient
 0001:0003B1D0       Controls.TWinControl.CMVisibleChanged
 0001:0003B3DC       Controls.TWinControl.CMWinIniChange
 0001:0003B668       Controls.TWinControl.CNChar
 0001:0003B530       Controls.TWinControl.CNKeyDown
 0001:0003B614       Controls.TWinControl.CNKeyUp
 0001:0003B714       Controls.TWinControl.CNSysChar
 0001:0003B6B8       Controls.TWinControl.CNSysKeyDown
 0001:0003C8A4       Controls.TWinControl.ConstrainedResize
 0001:00037AB0       Controls.TWinControl.ContainsControl
 0001:00038B80       Controls.TWinControl.ControlAtPos
 0001:0003A7F0       Controls.TWinControl.ControlsAligned
 0001:00036B94       Controls.TWinControl.Create
 0001:0003A7F4       Controls.TWinControl.CreateDockManager
 0001:0003848C       Controls.TWinControl.CreateHandle
 0001:00037E68       Controls.TWinControl.CreateParams
 0001:00038164       Controls.TWinControl.CreateWindowHandle
 0001:00037F94       Controls.TWinControl.CreateWnd
 0001:00038524       Controls.TWinControl.CustomAlignInsertBefore
 0001:00038548       Controls.TWinControl.CustomAlignPosition
 0001:00039364       Controls.TWinControl.DefaultHandler
 0001:00038324       Controls.TWinControl.DefineProperties
 0001:00036CD8       Controls.TWinControl.Destroy
 0001:000385DC       Controls.TWinControl.DestroyHandle
 0001:000383E0       Controls.TWinControl.DestroyWindowHandle
 0001:00038380       Controls.TWinControl.DestroyWnd
 0001:00037864       Controls.TWinControl.DisableAlign
 0001:0003A584       Controls.TWinControl.DoAddDockClient
 0001:0003A5D8       Controls.TWinControl.DockDrop
 0001:0003A65C       Controls.TWinControl.DockOver
 0001:0003D084       Controls.TWinControl.DockReplaceDockClient
 0001:0003A628       Controls.TWinControl.DoDockOver
 0001:0003A598       Controls.TWinControl.DoEnter
 0001:0003A5B8       Controls.TWinControl.DoExit
 0001:00037894       Controls.TWinControl.DoFlipChildren
 0001:0003AB14       Controls.TWinControl.DoKeyDown
 0001:0003AD08       Controls.TWinControl.DoKeyPress
 0001:0003AC40       Controls.TWinControl.DoKeyUp
 0001:0003D0E8       Controls.TWinControl.DoPaddingChange
 0001:0003A594       Controls.TWinControl.DoRemoveDockClient
 0001:0003A6A0       Controls.TWinControl.DoUnDock
 0001:0003786C       Controls.TWinControl.EnableAlign
 0001:0003C18C       Controls.TWinControl.FindNextControl
 0001:00036DB8       Controls.TWinControl.FixupTabList
 0001:00037968       Controls.TWinControl.FlipChildren
 0001:0003BD24       Controls.TWinControl.Focused
 0001:0003C920       Controls.TWinControl.GetActionLinkClass
 0001:0003C2C4       Controls.TWinControl.GetChildren
 0001:0003BEB4       Controls.TWinControl.GetClientOrigin
 0001:0003BED4       Controls.TWinControl.GetClientRect
 0001:00037D0C       Controls.TWinControl.GetControl
 0001:00037D48       Controls.TWinControl.GetControlCount
 0001:0003BD80       Controls.TWinControl.GetControlExtents
 0001:0003BB40       Controls.TWinControl.GetDeviceContext
 0001:0003A720       Controls.TWinControl.GetDockClientCount
 0001:0003A734       Controls.TWinControl.GetDockClients
 0001:0003BD6C       Controls.TWinControl.GetHandle
 0001:0003CFF0       Controls.TWinControl.GetParentBackground
 0001:0003A758       Controls.TWinControl.GetSiteInfo
 0001:0003BF78       Controls.TWinControl.GetTabOrder
 0001:0003C12C       Controls.TWinControl.GetTabOrderList
 0001:0003A7B4       Controls.TWinControl.GetVisibleDockClientCount
 0001:0003C068       Controls.TWinControl.HandleAllocated
 0001:0003BD48       Controls.TWinControl.HandleNeeded
 0001:00037AE4       Controls.TWinControl.Insert
 0001:00037B78       Controls.TWinControl.InsertControl
 0001:0003BB94       Controls.TWinControl.Invalidate
 0001:0003D050       Controls.TWinControl.InvalidateDockHostSite
 0001:0003BC70       Controls.TWinControl.InvalidateFrame
 0001:00038C44       Controls.TWinControl.IsControlActivateMsg
 0001:00038D90       Controls.TWinControl.IsControlMouseMsg
 0001:0003BF6C       Controls.TWinControl.IsCtl3DStored
 0001:0003B498       Controls.TWinControl.IsMenuKey
 0001:0003D0C4       Controls.TWinControl.IsQualifyingSite
 0001:0003AAE8       Controls.TWinControl.KeyDown
 0001:0003ACE8       Controls.TWinControl.KeyPress
 0001:0003AC14       Controls.TWinControl.KeyUp
 0001:00038A3C       Controls.TWinControl.MainWndProc
 0001:00037DA8       Controls.TWinControl.Notification
 0001:00037DD8       Controls.TWinControl.NotifyControls
 0001:00039634       Controls.TWinControl.PaintControls
 0001:0003949C       Controls.TWinControl.PaintHandler
 0001:000399C4       Controls.TWinControl.PaintTo
 0001:0003960C       Controls.TWinControl.PaintWindow
 0001:0003B004       Controls.TWinControl.PaletteChanged
 0001:00038444       Controls.TWinControl.PrecedingWindow
 0001:0003D090       Controls.TWinControl.PreProcessMessage
 0001:000381A4       Controls.TWinControl.ReadDesignSize
 0001:00036E8C       Controls.TWinControl.ReadState
 0001:0003788C       Controls.TWinControl.Realign
 0001:00038650       Controls.TWinControl.RecreateWnd
 0001:0003A6FC       Controls.TWinControl.ReloadDockedControl
 0001:00037B30       Controls.TWinControl.Remove
 0001:00037C6C       Controls.TWinControl.RemoveControl
 0001:00037AC4       Controls.TWinControl.RemoveFocus
 0001:0003D094       Controls.TWinControl.RemoveWindowProps
 0001:0003BC54       Controls.TWinControl.Repaint
 0001:0003A4A4       Controls.TWinControl.ResetIme
 0001:0003B824       Controls.TWinControl.ScaleControls
 0001:0003B918       Controls.TWinControl.ScrollBy
 0001:0003C298       Controls.TWinControl.SelectNext
 0001:0003BF28       Controls.TWinControl.SetBorderWidth
 0001:0003B748       Controls.TWinControl.SetBounds
 0001:0003C30C       Controls.TWinControl.SetChildOrder
 0001:0003BF48       Controls.TWinControl.SetCtl3D
 0001:0003A860       Controls.TWinControl.SetDesignVisible
 0001:0003A894       Controls.TWinControl.SetDockSite
 0001:0003BCE8       Controls.TWinControl.SetFocus
 0001:0003A374       Controls.TWinControl.SetIme
 0001:0003D0F0       Controls.TWinControl.SetPadding
 0001:0003D1C4       Controls.TWinControl.SetParent
 0001:0003CFF8       Controls.TWinControl.SetParentBackground
 0001:00038958       Controls.TWinControl.SetParentWindow
 0001:0003BFF8       Controls.TWinControl.SetUseDockManager
 0001:0003BAE0       Controls.TWinControl.SetZOrder
 0001:0003BA08       Controls.TWinControl.SetZOrderPosition
 0001:0003B9F0       Controls.TWinControl.ShowControl
 0001:0003BC38       Controls.TWinControl.Update
 0001:0003C074       Controls.TWinControl.UpdateBounds
 0001:0003D148       Controls.TWinControl.UpdateControlOriginalParentSize
 0001:00038864       Controls.TWinControl.UpdateControlState
 0001:0003D0FC       Controls.TWinControl.UpdateRecreatingFlag
 0001:000386F4       Controls.TWinControl.UpdateShowing
 0001:0003BF9C       Controls.TWinControl.UpdateTabOrder
 0001:0003CF18       Controls.TWinControl.UpdateUIState
 0001:0003AD70       Controls.TWinControl.WMChar
 0001:0003AEEC       Controls.TWinControl.WMCharToItem
 0001:00039E78       Controls.TWinControl.WMCommand
 0001:00039F4C       Controls.TWinControl.WMCompareItem
 0001:0003CEA0       Controls.TWinControl.WMContextMenu
 0001:00039F70       Controls.TWinControl.WMDeleteItem
 0001:0003AF60       Controls.TWinControl.WMDestroy
 0001:00039F94       Controls.TWinControl.WMDrawItem
 0001:0003A00C       Controls.TWinControl.WMEraseBkgnd
 0001:00039EEC       Controls.TWinControl.WMFontChange
 0001:00039F0C       Controls.TWinControl.WMHScroll
 0001:0003A360       Controls.TWinControl.WMIMEEndComp
 0001:0003A34C       Controls.TWinControl.WMIMEStartComp
 0001:0003ABBC       Controls.TWinControl.WMKeyDown
 0001:0003ACA8       Controls.TWinControl.WMKeyUp
 0001:0003A330       Controls.TWinControl.WMKillFocus
 0001:00039FB8       Controls.TWinControl.WMMeasureItem
 0001:00039FD8       Controls.TWinControl.WMMouseActivate
 0001:0003A1F8       Controls.TWinControl.WMMove
 0001:0003CB20       Controls.TWinControl.WMNCCalcSize
 0001:0003AFC4       Controls.TWinControl.WMNCDestroy
 0001:0003AFE0       Controls.TWinControl.WMNCHitTest
 0001:0003CBB0       Controls.TWinControl.WMNCPaint
 0001:00039E98       Controls.TWinControl.WMNotify
 0001:00039C1C       Controls.TWinControl.WMPaint
 0001:0003B080       Controls.TWinControl.WMPaletteChanged
 0001:0003AF0C       Controls.TWinControl.WMParentNotify
 0001:0003CF64       Controls.TWinControl.WMPrintClient
 0001:0003B05C       Controls.TWinControl.WMQueryNewPalette
 0001:0003A214       Controls.TWinControl.WMSetCursor
 0001:0003A314       Controls.TWinControl.WMSetFocus
 0001:0003A1C0       Controls.TWinControl.WMSize
 0001:00039EBC       Controls.TWinControl.WMSysColorChange
 0001:0003AE40       Controls.TWinControl.WMSysCommand
 0001:0003ABE8       Controls.TWinControl.WMSysKeyDown
 0001:0003ACC8       Controls.TWinControl.WMSysKeyUp
 0001:00039EFC       Controls.TWinControl.WMTimeChange
 0001:0003AF40       Controls.TWinControl.WMVKeyToItem
 0001:00039F2C       Controls.TWinControl.WMVScroll
 0001:0003A0AC       Controls.TWinControl.WMWindowPosChanged
 0001:0003A16C       Controls.TWinControl.WMWindowPosChanging
 0001:00039ED8       Controls.TWinControl.WMWinIniChange
 0001:00038E44       Controls.TWinControl.WndProc
 0001:000381DC       Controls.TWinControl.WriteDesignSize
 0001:00036B60       Controls.TWinControlActionLink.AssignClient
 0001:00036B84       Controls.TWinControlActionLink.IsHelpContextLinked
 0001:00036B8C       Controls.TWinControlActionLink.SetHelpContext
 0001:00036380       Controls.UpdateFloatingDockSitePos
 0001:000314D4       Controls.ValidDockTarget
 0001:0004113C       Controls.Win32NLSEnableIME
 0004:00004C08       Controls.WindowAtom
 0004:00004C0C       Controls.WindowAtomString
 0003:000014DC       Controls.WindowPos
 0001:0003FBB4       Controls.WriteControlName
 0004:00004C70       Controls._ImmGetCompositionString
 0004:00004C54       Controls._ImmGetContext
 0004:00004C5C       Controls._ImmGetConversionStatus
 0004:00004C74       Controls._ImmIsIME
 0004:00004C78       Controls._ImmNotifyIME
 0004:00004C58       Controls._ImmReleaseContext
 0004:00004C6C       Controls._ImmSetCompositionFont
 0004:00004C68       Controls._ImmSetCompositionWindow
 0004:00004C60       Controls._ImmSetConversionStatus
 0004:00004C64       Controls._ImmSetOpenStatus
 0004:00004C50       Controls._WINNLSEnableIME
 0004:00004B98       Dialogs..03
 0001:00025DB8       Dialogs..TCommonDialog
 0003:000012B4       Dialogs.ButtonCaptions
 0003:00001288       Dialogs.ButtonNames
 0003:00001274       Dialogs.Captions
 0003:0000126C       Dialogs.CreationControl
 0002:000004B8       Dialogs.Dialogs
 0001:000263D0       Dialogs.Finalization
 0004:00004BA0       Dialogs.FindMsg
 0004:00004B9C       Dialogs.HelpMsg
 0001:0002627C       Dialogs.InitGlobals
 0001:00025F28       Dialogs.TCommonDialog.Create
 0001:00026024       Dialogs.TCommonDialog.DefaultHandler
 0001:00025F70       Dialogs.TCommonDialog.Destroy
 0001:000261B0       Dialogs.TCommonDialog.DoClose
 0001:000261C4       Dialogs.TCommonDialog.DoShow
 0001:00025FB8       Dialogs.TCommonDialog.Execute
 0001:0002605C       Dialogs.TCommonDialog.MainWndProc
 0001:00025FFC       Dialogs.TCommonDialog.MessageHook
 0001:000260F4       Dialogs.TCommonDialog.TaskModalDialog
[...]
 0003:00000870       SysUtils.DefShortMonthNames
 0003:000008A0       SysUtils.DefLongMonthNames
 0003:000008D0       SysUtils.DefShortDayNames
 0003:000008EC       SysUtils.DefLongDayNames
 0003:00000908       SysUtils.ErrorMap
 0003:00000940       SysUtils.ExceptMap
 0003:000009F0       SysUtils.TerminateProcList
 0003:000009F4       VarUtils.CResult
 0003:000009FC       Variants.NullStrictConvert
 0003:00000A00       Variants.NullAsStringValue
 0003:00000A04       Variants.PackVarCreation
 0003:00000A08       Variants.BooleanToStringRule
 0003:00000A0C       Variants.CInvalidCustomVariantType
 0003:00000A10       Variants.CRangeToType
 0003:00000A24       Variants.CText
 0003:00000A78       Variants.CRelationshipToBoolean
 0003:00000A8C       TypInfo.BooleanIdents
 0003:00000A94       TypInfo.DotSep
 0003:00000A98       Classes.AddDataModule
 0003:00000AA0       Classes.RemoveDataModule
 0003:00000AA8       Classes.ApplicationHandleException
 0003:00000AB0       Classes.ApplicationShowException
 0003:00000AB8       Classes.WakeMainThread
 0003:00000AC0       Classes.FilerSignature
 0003:00000AC4       Classes.NilMethod
 0003:00000ACC       Classes.SyncList
 0003:00000AD0       Classes.BlockCode
 0003:00000AD4       Classes.UtilWindowClass
 0003:00000AFC       IniFiles.Values
 0003:00000B04       Registry.Values
 0003:00000B0C       Graphics.DefFontData
 0003:00000B3C       Graphics.DDBsOnly
 0003:00000B40       Graphics.Colors
 0003:00000CE0       Graphics.FontCharsets
 0003:00000D70       Graphics.DefPenData
 0003:00000D80       Graphics.PenStyles
 0003:00000D94       Graphics.DefBrushData
 0003:00000DA4       Graphics.PenModes
 0003:00000DC4       Graphics.ClipboardFormats
 0003:00000DC8       Graphics.FileFormats
 0003:00000DCC       Graphics.BitmapCanvasList
 0003:00000DD0       Graphics.DIBPalSizes
 0003:00000DD4       Graphics.PalSize
 0003:00000DD8       Graphics.Pal16
 0003:00000E18       Printers.FPrinter
 0003:00000E1C       GraphUtil.WebNamedColors
 0003:0000126C       Dialogs.CreationControl
 0003:00001270       Dialogs.WndProcPtrAtom
 0003:00001274       Dialogs.Captions
 0003:00001288       Dialogs.ButtonNames
 0003:000012B4       Dialogs.ButtonCaptions
 0003:000012E0       Menus.ValidMenuHotkeys
 0003:000012E4       Menus.cMenuAutoFlagToItem
 0003:000012E8       Menus.cItemAutoFlagToMenu
 0003:000012EC       Menus.cBooleanToItemAutoFlag
 0003:000012F0       Menus.cItemAutoFlagToBoolean
 0003:000012F4       Menus.MenuKeyCaps
 0003:0000133C       Menus.Checks
 0003:00001344       Menus.Enables
 0003:0000134C       Menus.Breaks
 0003:00001358       Menus.Separators
 0003:00001360       Menus.IBreaks
 0003:0000136C       Menus.IChecks
 0003:00001374       Menus.IDefaults
 0003:0000137C       Menus.IEnables
 0003:00001384       Menus.IRadios
 0003:0000138C       Menus.ISeparators
 0003:00001394       Menus.IRTL
 0003:0000139C       Menus.IOwnerDraw
 0003:000013A4       Menus.MenuStates
 0003:000013AC       Menus.Alignments
 0003:000013B4       Menus.EdgeStyle
 0003:000013BC       Menus.ItemStates
 0003:000013C4       Menus.CheckMarkBkgs
 0003:000013CC       Menus.CheckMarkStates
 0003:000013DC       Menus.Alignments
 0003:000013E4       Menus.CheckMarkStates
 0003:000013F4       Menus.CurrentKeyboardLayout
 0003:000013F8       Menus.IsAltGRKeyLayout
 0003:000013FC       Menus.Flags
 0003:00001408       Menus.Buttons
 0003:0000140C       Controls.AnimateWindowProc
 0003:00001410       Controls.CreationControl
 0003:00001414       Controls.DefaultDockTreeClass
 0003:00001418       Controls.AnchorAlign
 0003:00001420       Controls.Cursors
 0003:000014D0       Controls.CaptureControl
 0003:000014D4       Controls.csPerformingShowingChanged
 0003:000014D8       Controls.ShowFlags
 0003:000014DC       Controls.WindowPos
 0003:000014E0       Controls.InnerStyles
 0003:000014F0       Controls.OuterStyles
 0003:00001500       Controls.EdgeStyles
 0003:00001510       Controls.Ctl3DStyles
 0003:00001518       Controls.AnimationStyle
 0003:00001524       Controls.OrientArray
 0003:0000152C       Controls.MakeLast
 0003:00001534       Controls.TreeStreamEndFlag
 0003:00001538       Controls.SizeCursors
 0003:00001540       Controls.IMM32DLL
 0003:00001544       Controls.ModeMap
 0003:0000154C       Themes.ThemeServicesClass
 0003:00001550       Themes.Copyright
 0003:00001554       Themes.ThemeDataNames
 0003:000015B4       ImgList.DrawingStyles
 0003:000015C4       ImgList.Images
 0003:000015CC       ImgList.Mask
 0003:000015D4       Forms.HintWindowClass
 0003:000015D8       Forms.SetLayeredWindowAttributes
 0003:000015DC       Forms.FocusMessages
 0003:000015E0       Forms.FocusCount
 0003:000015E4       Forms.EnumAllWinOnActivateHintFlag
 0003:000015E8       Forms.TaskActiveWindow
 0003:000015EC       Forms.TaskFirstWindow
 0003:000015F0       Forms.TaskFirstTopMost
 0003:000015F4       Forms.DisablingWindows
 0003:000015F8       Forms.TaskWindowList
 0003:000015FC       Forms.SysConsts
 0003:00001604       Forms.SysConsts
 0003:0000160C       Forms.Props
 0003:00001634       Forms.Styles
 0003:00001640       Forms.HWND_STYLE
 0003:00001648       Forms.ShowCommands
 0003:00001654       Forms.InitialMainFormState
 0003:00001658       Forms.ShowCommands
 0003:00001664       Forms.ShowCommands
 0003:00001670       Forms.cUseAlpha
 0003:00001678       Forms.cUseColorKey
 0003:00001680       Forms.CursorMap
 0003:000016D4       Forms.MonitorDefaultFlags
 0003:000016E0       Forms.WindowClass
 0003:00001708       Forms.AppVisible
 0003:0000170C       Forms.ShowFlags
 0004:00000000       System.DispCallByIDProc
 0004:00000004       System.ExceptProc
 0004:00000008       System.ErrorProc
 0004:0000000C       System.ExceptClsProc
 0004:00000010       System.ExceptObjProc
 0004:00000014       System.RaiseExceptionProc
 0004:00000018       System.RTLUnwindProc
 0004:0000001C       System.ExceptionClass
 0004:00000020       System.AssertErrorProc
 0004:00000024       System.ExitProcessProc
 0004:00000028       System.AbstractErrorProc
 0004:0000002C       System.MainInstance
 0004:00000030       System.MainThreadID
 0004:00000034       System.IsLibrary
 0004:00000038       System.CmdShow
 0004:0000003C       System.CmdLine
 0004:00000040       System.InitProc
 0004:00000044       System.ExitProc
 0004:00000048       System.IsConsole
 0004:00000049       System.IsMultiThread
 0004:0000004A       System.Test8086
 0004:0000004C       System.Input
 0004:00000218       System.Output
 0004:000003E4       System.ErrOutput
 0004:000005B0       System.ReportMemoryLeaksOnShutdown
 0004:000005B1       System.NeverSleepOnMMThreadContention
 0004:000005B4       System..6
 0004:000005B8       System.DefaultSystemCodePage
 0004:000005BC       System.AllocSize2SmallBlockTypeIndX4
 0004:00000702       System.MinimumBlockAlignment
 0004:00000704       System.MediumBlockPoolsCircularList
 0004:00000714       System.MediumBlocksLocked
 0004:00000718       System.LastSequentiallyFedMediumBlock
 0004:0000071C       System.MediumSequentialFeedBytesLeft
 0004:00000720       System.MediumBlockBinGroupBitmap
 0004:00000724       System.MediumBlockBinBitmaps
 0004:000007A4       System.MediumBlockBins
 0004:000027A4       System.LargeBlocksLocked
 0004:000027A8       System.LargeBlocksCircularList
 0004:000027B8       System.ExpectedMemoryLeaks
 0004:000027BC       System.ExpectedMemoryLeaksListLocked
 0004:000027C0       System.MMSharingWindow
 0004:000027C4       System.InitContext
 0004:000027F0       SysInit.ModuleIsLib
 0004:000027F1       SysInit.ModuleIsCpp
 0004:000027F4       SysInit.HInstance
 0004:000027F8       SysInit.tlsBuffer
 0004:000027FC       Windows..3
 0004:00002800       Windows.HtmlHelpModule
 0004:00002804       SysUtils.CurrencyString
 0004:00002808       SysUtils.CurrencyFormat
 0004:00002809       SysUtils.NegCurrFormat
 0004:0000280A       SysUtils.ThousandSeparator
 0004:0000280B       SysUtils.DecimalSeparator
 0004:0000280C       SysUtils.CurrencyDecimals
 0004:0000280D       SysUtils.DateSeparator
 0004:00002810       SysUtils.ShortDateFormat
 0004:00002814       SysUtils.LongDateFormat
 0004:00002818       SysUtils.TimeSeparator
 0004:0000281C       SysUtils.TimeAMString
 0004:00002820       SysUtils.TimePMString
 0004:00002824       SysUtils.ShortTimeFormat
 0004:00002828       SysUtils.LongTimeFormat
 0004:0000282C       SysUtils.ShortMonthNames
 0004:0000285C       SysUtils.LongMonthNames
 0004:0000288C       SysUtils.ShortDayNames
 0004:000028A8       SysUtils.LongDayNames
 0004:000028C4       SysUtils.SysLocale
 0004:000028D2       SysUtils.ListSeparator
 0004:000028D4       SysUtils.EraNames
 0004:000028F0       SysUtils.EraYearOffsets
 0004:0000290C       SysUtils.TrueBoolStrs
 0004:00002910       SysUtils.FalseBoolStrs
 0004:00002914       SysUtils..35
 0004:00002918       SysUtils.OutOfMemory
 0004:0000291C       SysUtils.InvalidPointer
 0004:00002920       SysUtils.ValidatedUnitHashBuckets
 0004:00003914       SysUtils.UnitHashBuckets
 0004:00004908       SysUtils.FLanguages
 0004:0000490C       VarUtils.VariantChangeTypeEx
 0004:00004910       VarUtils.VarNeg
 0004:00004914       VarUtils.VarNot
 0004:00004918       VarUtils.VarAdd
 0004:0000491C       VarUtils.VarSub
 0004:00004920       VarUtils.VarMul
 0004:00004924       VarUtils.VarDiv
 0004:00004928       VarUtils.VarIDiv
 0004:0000492C       VarUtils.VarMod
 0004:00004930       VarUtils.VarAnd
 0004:00004934       VarUtils.VarOr
 0004:00004938       VarUtils.VarXor
 0004:0000493C       VarUtils.VarCmp
 0004:00004940       VarUtils.VarI4FromStr
 0004:00004944       VarUtils.VarR4FromStr
 0004:00004948       VarUtils.VarR8FromStr
 0004:0000494C       VarUtils.VarDateFromStr
 0004:00004950       VarUtils.VarCyFromStr
 0004:00004954       VarUtils.VarBoolFromStr
 0004:00004958       VarUtils.VarBstrFromCy
 0004:0000495C       VarUtils.VarBstrFromDate
 0004:00004960       VarUtils.VarBstrFromBool
 0004:00004964       VarUtils..5
 0004:00004968       Variants.EmptyParam
 0004:00004978       Variants.VarDispProc
 0004:0000497C       Variants.ClearAnyProc
 0004:00004980       Variants.ChangeAnyProc
 0004:00004984       Variants.RefAnyProc
 0004:00004988       Variants..81
 0004:0000498C       Variants.LVarTypes
 0004:00004990       Variants.LVarTypeSync
 0004:000049A8       TypInfo..6
 0004:000049AC       Classes.GlobalNameSpace
 0004:000049B0       Classes.IsUniqueGlobalComponentNameProc
 0004:000049B4       Classes.SyncEvent
 0004:000049B8       Classes..95
 0004:000049BC       Classes.IntConstList
 0004:000049C0       Classes.RegGroups
 0004:000049C4       Classes.FindGlobalComponentProcs
 0004:000049C8       Classes.GlobalFixupList
 0004:000049CC       Classes.ThreadLock
 0004:000049E4       Classes.InstBlockList
 0004:000049E8       Classes.InstFreeList
 0004:000049EC       HelpIntfs..2
 0004:000049F0       HelpIntfs.HelpManager
 0004:000049F4       MultiMon.GetSystemMetrics
 0004:000049F8       MultiMon.MonitorFromWindow
 0004:000049FC       MultiMon.MonitorFromRect
 0004:00004A00       MultiMon.MonitorFromPoint
 0004:00004A04       MultiMon.GetMonitorInfo
 0004:00004A08       MultiMon.GetMonitorInfoA
 0004:00004A0C       MultiMon.GetMonitorInfoW
 0004:00004A10       MultiMon.EnumDisplayMonitors
 0004:00004A14       MultiMon..1
 0004:00004A18       MultiMon.User32Dll
 0004:00004A1C       MultiMon.InitApis
 0004:00004A24       MultiMon.MMAvailable
 0004:00004A28       IniFiles..8
 0004:00004A2C       Registry..5
 0004:00004A30       Graphics.SystemPalette16
 0004:00004A34       Graphics..12
 0004:00004A38       Graphics.ScreenLogPixels
 0004:00004A3C       Graphics.StockPen
 0004:00004A40       Graphics.StockBrush
 0004:00004A44       Graphics.StockFont
 0004:00004A48       Graphics.StockIcon
 0004:00004A4C       Graphics.BitmapImageLock
 0004:00004A64       Graphics.CounterLock
 0004:00004A7C       Graphics.FontManager
 0004:00004A80       Graphics.PenManager
 0004:00004A84       Graphics.BrushManager
 0004:00004A88       Graphics.CanvasList
 0004:00004A8C       Graphics.PatternManager
 0004:00004A90       UxTheme.OpenThemeData
 0004:00004A94       UxTheme.CloseThemeData
 0004:00004A98       UxTheme.DrawThemeBackground
 0004:00004A9C       UxTheme.DrawThemeText
 0004:00004AA0       UxTheme.GetThemeBackgroundContentRect
 0004:00004AA4       UxTheme.GetThemeBackgroundExtent
 0004:00004AA8       UxTheme.GetThemePartSize
 0004:00004AAC       UxTheme.GetThemeTextExtent
 0004:00004AB0       UxTheme.GetThemeTextMetrics
 0004:00004AB4       UxTheme.GetThemeBackgroundRegion
 0004:00004AB8       UxTheme.HitTestThemeBackground
 0004:00004ABC       UxTheme.DrawThemeEdge
 0004:00004AC0       UxTheme.DrawThemeIcon
 0004:00004AC4       UxTheme.IsThemePartDefined
 0004:00004AC8       UxTheme.IsThemeBackgroundPartiallyTransparent
 0004:00004ACC       UxTheme.GetThemeColor
 0004:00004AD0       UxTheme.GetThemeMetric
 0004:00004AD4       UxTheme.GetThemeString
 0004:00004AD8       UxTheme.GetThemeBool
 0004:00004ADC       UxTheme.GetThemeInt
 0004:00004AE0       UxTheme.GetThemeEnumValue
 0004:00004AE4       UxTheme.GetThemePosition
 0004:00004AE8       UxTheme.GetThemeFont
 0004:00004AEC       UxTheme.GetThemeRect
 0004:00004AF0       UxTheme.GetThemeMargins
 0004:00004AF4       UxTheme.GetThemeIntList
 0004:00004AF8       UxTheme.GetThemePropertyOrigin
 0004:00004AFC       UxTheme.SetWindowTheme
 0004:00004B00       UxTheme.GetThemeFilename
 0004:00004B04       UxTheme.GetThemeSysColor
 0004:00004B08       UxTheme.GetThemeSysColorBrush
 0004:00004B0C       UxTheme.GetThemeSysBool
 0004:00004B10       UxTheme.GetThemeSysSize
 0004:00004B14       UxTheme.GetThemeSysFont
 0004:00004B18       UxTheme.GetThemeSysString
 0004:00004B1C       UxTheme.GetThemeSysInt
 0004:00004B20       UxTheme.IsThemeActive
 0004:00004B24       UxTheme.IsAppThemed
 0004:00004B28       UxTheme.GetWindowTheme
 0004:00004B2C       UxTheme.EnableThemeDialogTexture
 0004:00004B30       UxTheme.IsThemeDialogTextureEnabled
 0004:00004B34       UxTheme.GetThemeAppProperties
 0004:00004B38       UxTheme.SetThemeAppProperties
 0004:00004B3C       UxTheme.GetCurrentThemeName
 0004:00004B40       UxTheme.GetThemeDocumentationProperty
 0004:00004B44       UxTheme.DrawThemeParentBackground
 0004:00004B48       UxTheme.EnableTheming
 0004:00004B4C       UxTheme..1
 0004:00004B50       UxTheme.ThemeLibrary
 0004:00004B54       UxTheme.ReferenceCount
 0004:00004B58       UxTheme.Lock
 0004:00004B5C       UxTheme._DrawThemeTextEx
 0004:00004B60       UxTheme._BeginBufferedPaint
 0004:00004B64       UxTheme._EndBufferedPaint
 0004:00004B68       UxTheme._BufferedPaintSetAlpha
 0004:00004B6C       DwmApi..1
 0004:00004B70       DwmApi.hDWMAPI
 0004:00004B74       DwmApi._DwmExtendFrameIntoClientArea
 0004:00004B78       DwmApi._DwmIsCompositionEnabled
 0004:00004B7C       Printers..3
 0004:00004B80       GraphUtil..2
 0004:00004B84       GraphUtil.MsImgHandle
 0004:00004B88       GraphUtil.MsImgInitialized
 0004:00004B8C       GraphUtil.GradientFillFunc
 0004:00004B90       ExtCtrls.TCustomTrayIcon.RM_TaskbarCreated
 0004:00004B94       ExtCtrls..83
 0004:00004B98       Dialogs..03
 0004:00004B9C       Dialogs.HelpMsg
 0004:00004BA0       Dialogs.FindMsg
 0004:00004BA4       Clipbrd.CF_PICTURE
 0004:00004BA6       Clipbrd.CF_COMPONENT
 0004:00004BA8       Clipbrd..2
 0004:00004BAC       Clipbrd.FClipboard
 0004:00004BB0       FlatSB.FlatSB_EnableScrollBar
 0004:00004BB4       FlatSB.FlatSB_ShowScrollBar
 0004:00004BB8       FlatSB.FlatSB_GetScrollRange
 0004:00004BBC       FlatSB.FlatSB_GetScrollInfo
 0004:00004BC0       FlatSB.FlatSB_GetScrollPos
 0004:00004BC4       FlatSB.FlatSB_SetScrollPos
 0004:00004BC8       FlatSB.FlatSB_SetScrollInfo
 0004:00004BCC       FlatSB.FlatSB_SetScrollRange
 0004:00004BD0       FlatSB..1
 0004:00004BD4       FlatSB._FlatSB_GetScrollProp
 0004:00004BD8       FlatSB._FlatSB_SetScrollProp
 0004:00004BDC       FlatSB._InitializeFlatSB
 0004:00004BE0       FlatSB._UninitializeFlatSB
 0004:00004BE4       Menus.PopupList
 0004:00004BE8       Menus.ShortCutItems
 0004:00004BEC       Menus..01
 0004:00004BF0       Menus.CommandPool
 0004:00004BF4       Controls.Mouse
 0004:00004BF8       Controls.IsVCLControlHook
 0004:00004C00       Controls.NewStyleControls
 0004:00004C04       Controls..33
 0004:00004C08       Controls.WindowAtom
 0004:00004C0A       Controls.ControlAtom
 0004:00004C0C       Controls.WindowAtomString
 0004:00004C10       Controls.ControlAtomString
 0004:00004C14       Controls.RM_GetObjectInstance
 0004:00004C18       Controls.DragControl
 0004:00004C1C       Controls.DragObject
 0004:00004C20       Controls.DragInternalObject
 0004:00004C24       Controls.DragCapture
 0004:00004C28       Controls.DragStartPos
 0004:00004C30       Controls.DragSaveCursor
 0004:00004C34       Controls.DragThreshold
 0004:00004C38       Controls.ActiveDrag
 0004:00004C3C       Controls.DragImageList
 0004:00004C40       Controls.DockSiteList
 0004:00004C44       Controls.QualifyingSites
 0004:00004C48       Controls.DragSave
 0004:00004C4C       Controls.CanvasList
 0004:00004C50       Controls._WINNLSEnableIME
 0004:00004C54       Controls._ImmGetContext
 0004:00004C58       Controls._ImmReleaseContext
 0004:00004C5C       Controls._ImmGetConversionStatus
 0004:00004C60       Controls._ImmSetConversionStatus
 0004:00004C64       Controls._ImmSetOpenStatus
 0004:00004C68       Controls._ImmSetCompositionWindow
 0004:00004C6C       Controls._ImmSetCompositionFont
 0004:00004C70       Controls._ImmGetCompositionString
 0004:00004C74       Controls._ImmIsIME
 0004:00004C78       Controls._ImmNotifyIME
 0004:00004C7C       Themes..2
 0004:00004C80       Themes.InternalServices
 0004:00004C84       Themes.RM_UnthemedDesigner
 0004:00004C88       ImgList.CachedComCtrlVer
 0004:00004C8C       ImgList.ImageListWriteExProc
 0004:00004C90       ActnList..9
 0004:00004C94       Forms.Application
 0004:00004C98       Forms.Screen
 0004:00004C9C       Forms..51
 0004:00004CA0       Forms.RM_TaskbarCreated
 0004:00004CA4       Forms.AppIconic
 0004:00004CA8       Forms.HintThreadID
 0004:00004CAC       Forms.HintDoneEvent
 0004:00004CB0       Forms.HintHook
 0004:00004CB4       Forms.HintThread
 0004:00004CB8       Forms.OwnedAppWnds
 0004:00004CBC       Forms.LastActive
 0004:00004CC0       Forms.IdleTimerHandle
 0004:00004CC4       Forms.AppMainFormOnTaskBar
 0005:00000000       System.RaiseListPtr
 0005:00000004       System.InOutRes
 0005:00000008       Classes.GlobalLoaded
 0005:0000000C       Classes.GlobalLists
 0005:00000010       GraphUtil.CachedRGBToHLSHue
 0005:00000014       GraphUtil.CachedHighlightLum
 0005:00000018       GraphUtil.CachedHighlightColor
 0005:0000001C       GraphUtil.CachedHighlight
 0005:00000020       GraphUtil.CachedShadowLum
 0005:00000024       GraphUtil.CachedShadowColor
 0005:00000028       GraphUtil.CachedShadow
 0005:0000002C       GraphUtil.CachedColorValue
 0005:00000030       GraphUtil.CachedLumValue
 0005:00000034       GraphUtil.CachedColorAdjustLuma
 0005:00000038       SysInit.TlsLast


Line numbers for hBfCfgWiz(..\intf\hBfCfgWiz.pas) segment .text

    14 0001:00053E6C    16 0001:00053EA0

Line numbers for BfConfig(BfConfig.dpr) segment .itext

    13 0002:0000071C    14 0002:0000073F    15 0002:0000074B    16 0002:0000076C

Bound resource files

c:\programmi\borland\rad studio\5.0\lib\Controls.res
BfConfig.RES
BfConfig.drf


Program entry point at 0002:0000071C
